
 Start  Stop   Length Name               Class

 00000H 07C75H 07C76H _TEXT              CODE
 07C76H 08196H 00521H TEST_TEXT          CODE
 08198H 0828FH 000F8H OS_CPU_A_TEXT      CODE
 08290H 084FFH 00270H OS_CPU_C_TEXT      CODE
 08500H 088ACH 003ADH PC_TEXT            CODE
 088ADH 0C2DCH 03A30H UCOS_II_TEXT       CODE
 0C2E0H 0C89FH 005C0H E87_PROG           CODE
 0C8A0H 0D4EAH 00C4BH _TEXTC             CODE
 0D4F0H 0D4F0H 00000H _FARDATA           FAR_DATA
 0D4F0H 0D4F0H 00000H _FARBSS            FAR_BSS
 0D4F0H 0D4F0H 00000H _OVERLAY_          OVRINFO
 0D4F0H 0D4F0H 00000H _1STUB_            STUBSEG
 0D4F0H 0E4B9H 00FCAH _DATA              DATA
 0E4BAH 0E4BDH 00004H _CVTSEG            DATA
 0E4BEH 0E4C9H 0000CH _SCNSEG            DATA
 0E4CAH 0E4CAH 00000H _CONST             CONST
 0E4CAH 0E4E7H 0001EH _INIT_             INITDATA
 0E4E8H 0E4E8H 00000H _INITEND_          INITDATA
 0E4E8H 0E4F3H 0000CH _EXIT_             EXITDATA
 0E4F4H 0E4F4H 00000H _EXITEND_          EXITDATA
 0E4F4H 14A79H 06586H _BSS               BSS
 14A7AH 14A7AH 00000H _BSSEND            BSSEND
 14A80H 14BB0H 00131H _STACK             STACK


Detailed map of segments

 0000:0000 0271 C=CODE   S=_TEXT          G=(none)  M=c0.asm     ACBP=28
 0000:0271 0000 C=CODE   S=_TEXT          G=(none)  M=deflt87    ACBP=28
 0000:0271 0000 C=CODE   S=_TEXT          G=(none)  M=protflag   ACBP=28
 0000:0271 0000 C=CODE   S=_TEXT          G=(none)  M=e87trap    ACBP=28
 0000:0271 0221 C=CODE   S=_TEXT          G=(none)  M=fp87init   ACBP=28
 0000:0492 0000 C=CODE   S=_TEXT          G=(none)  M=hugeval    ACBP=28
 0000:0492 0000 C=CODE   S=_TEXT          G=(none)  M=mathwhy    ACBP=28
 0000:0492 00BE C=CODE   S=_TEXT          G=(none)  M=ldtrunc    ACBP=28
 0000:0550 01D2 C=CODE   S=_TEXT          G=(none)  M=realcvt2   ACBP=28
 0000:0722 039F C=CODE   S=_TEXT          G=(none)  M=scantod2   ACBP=28
 0000:0AC1 0216 C=CODE   S=_TEXT          G=(none)  M=xcvt       ACBP=28
 0000:0CD7 002C C=CODE   S=_TEXT          G=(none)  M=matherr    ACBP=28
 0000:0D03 000B C=CODE   S=_TEXT          G=(none)  M=pow10d     ACBP=28
 0000:0D0E 00B0 C=CODE   S=_TEXT          G=(none)  M=_matherr   ACBP=28
 0000:0DBE 0050 C=CODE   S=_TEXT          G=(none)  M=cos        ACBP=28
 0000:0E0E 0050 C=CODE   S=_TEXT          G=(none)  M=sin        ACBP=28
 0000:0E5E 00CB C=CODE   S=_TEXT          G=(none)  M=_pow10     ACBP=28
 0000:0F29 00AF C=CODE   S=_TEXT          G=(none)  M=fperr      ACBP=28
 0000:0FD8 0000 C=CODE   S=_TEXT          G=(none)  M=wscroll    ACBP=28
 0000:0FD8 009E C=CODE   S=_TEXT          G=(none)  M=vram       ACBP=28
 0000:1076 0150 C=CODE   S=_TEXT          G=(none)  M=cprintf    ACBP=28
 0000:11C6 00C8 C=CODE   S=_TEXT          G=(none)  M=gptext     ACBP=28
 0000:128E 00A8 C=CODE   S=_TEXT          G=(none)  M=movetext   ACBP=28
 0000:1336 0019 C=CODE   S=_TEXT          G=(none)  M=putch      ACBP=28
 0000:134F 01DB C=CODE   S=_TEXT          G=(none)  M=screen     ACBP=28
 0000:152A 0193 C=CODE   S=_TEXT          G=(none)  M=scroll     ACBP=28
 0000:16BD 0038 C=CODE   S=_TEXT          G=(none)  M=wherexy    ACBP=28
 0000:16F5 01B9 C=CODE   S=_TEXT          G=(none)  M=crtinit    ACBP=28
 0000:18AE 0074 C=CODE   S=_TEXT          G=(none)  M=getch      ACBP=28
 0000:1922 0016 C=CODE   S=_TEXT          G=(none)  M=kbhit      ACBP=28
 0000:1938 0028 C=CODE   S=_TEXT          G=(none)  M=memcmp     ACBP=28
 0000:1960 0024 C=CODE   S=_TEXT          G=(none)  M=memcpy     ACBP=28
 0000:1984 0048 C=CODE   S=_TEXT          G=(none)  M=memset     ACBP=28
 0000:19CC 0077 C=CODE   S=_TEXT          G=(none)  M=movmem     ACBP=28
 0000:1A43 0030 C=CODE   S=_TEXT          G=(none)  M=strcmp     ACBP=28
 0000:1A73 0021 C=CODE   S=_TEXT          G=(none)  M=strlen     ACBP=28
 0000:1A94 0000 C=CODE   S=_TEXT          G=(none)  M=files      ACBP=28
 0000:1A94 0000 C=CODE   S=_TEXT          G=(none)  M=files2     ACBP=28
 0000:1A94 00A4 C=CODE   S=_TEXT          G=(none)  M=setupio    ACBP=28
 0000:1B38 0052 C=CODE   S=_TEXT          G=(none)  M=ioerror    ACBP=28
 0000:1B8A 0015 C=CODE   S=_TEXT          G=(none)  M=isatty     ACBP=28
 0000:1B9F 002D C=CODE   S=_TEXT          G=(none)  M=lseek      ACBP=28
 0000:1BCC 04DB C=CODE   S=_TEXT          G=(none)  M=vprinter   ACBP=28
 0000:20A7 00D1 C=CODE   S=_TEXT          G=(none)  M=fflush     ACBP=28
 0000:2178 004C C=CODE   S=_TEXT          G=(none)  M=flushall   ACBP=28
 0000:21C4 0083 C=CODE   S=_TEXT          G=(none)  M=flushout   ACBP=28
 0000:2247 0020 C=CODE   S=_TEXT          G=(none)  M=fprintf    ACBP=28
 0000:2267 0055 C=CODE   S=_TEXT          G=(none)  M=fputs      ACBP=28
 0000:22BC 01EC C=CODE   S=_TEXT          G=(none)  M=fseek      ACBP=28
 0000:24A8 0097 C=CODE   S=_TEXT          G=(none)  M=perror     ACBP=28
 0000:253F 03CE C=CODE   S=_TEXT          G=(none)  M=putc       ACBP=28
 0000:290D 0121 C=CODE   S=_TEXT          G=(none)  M=setvbuf    ACBP=28
 0000:2A2E 0090 C=CODE   S=_TEXT          G=(none)  M=sprintf    ACBP=28
 0000:2ABE 0166 C=CODE   S=_TEXT          G=(none)  M=write      ACBP=28
 0000:2C24 003F C=CODE   S=_TEXT          G=(none)  M=xfflush    ACBP=28
 0000:2C63 005B C=CODE   S=_TEXT          G=(none)  M=writea     ACBP=28
 0000:2CBE 000A C=CODE   S=_TEXT          G=(none)  M=cconv      ACBP=28
 0000:2CC8 0000 C=CODE   S=_TEXT          G=(none)  M=ctype      ACBP=28
 0000:2CC8 0017 C=CODE   S=_TEXT          G=(none)  M=f_lxmul    ACBP=28
 0000:2CDF 00AE C=CODE   S=_TEXT          G=(none)  M=h_ldiv     ACBP=28
 0000:2D8D 0021 C=CODE   S=_TEXT          G=(none)  M=h_llsh     ACBP=28
 0000:2DAE 0017 C=CODE   S=_TEXT          G=(none)  M=n_lxmul    ACBP=28
 0000:2DC5 00A6 C=CODE   S=_TEXT          G=(none)  M=longtoa    ACBP=28
 0000:2E6B 0000 C=CODE   S=_TEXT          G=(none)  M=fpstklen   ACBP=28
 0000:2E6B 001F C=CODE   S=_TEXT          G=(none)  M=cvtfak     ACBP=28
 0000:2E8A 0004 C=CODE   S=_TEXT          G=(none)  M=realcvt    ACBP=28
 0000:2E8E 0000 C=CODE   S=_TEXT          G=(none)  M=stklen     ACBP=28
 0000:2E8E 0016 C=CODE   S=_TEXT          G=(none)  M=del        ACBP=28
 0000:2EA4 0016 C=CODE   S=_TEXT          G=(none)  M=delarray   ACBP=28
 0000:2EBA 02F5 C=CODE   S=_TEXT          G=(none)  M=new        ACBP=28
 0000:31AF 0432 C=CODE   S=_TEXT          G=(none)  M=farheap    ACBP=28
 0000:35E1 0160 C=CODE   S=_TEXT          G=(none)  M=fbrk       ACBP=28
 0000:3741 0020 C=CODE   S=_TEXT          G=(none)  M=setblock   ACBP=28
 0000:3761 0060 C=CODE   S=_TEXT          G=(none)  M=h_padd     ACBP=28
 0000:37C1 0021 C=CODE   S=_TEXT          G=(none)  M=n_pcmp     ACBP=28
 0000:37E2 002A C=CODE   S=_TEXT          G=(none)  M=errormsg   ACBP=28
 0000:380C 005C C=CODE   S=_TEXT          G=(none)  M=cputype    ACBP=28
 0000:3868 0014 C=CODE   S=_TEXT          G=(none)  M=abort      ACBP=28
 0000:387C 0031 C=CODE   S=_TEXT          G=(none)  M=atexit     ACBP=28
 0000:38AD 00AA C=CODE   S=_TEXT          G=(none)  M=exit       ACBP=28
 0000:3957 0000 C=CODE   S=_TEXT          G=(none)  M=sigdata    ACBP=28
 0000:3957 001B C=CODE   S=_TEXT          G=(none)  M=_abort     ACBP=28
 0000:3972 0028 C=CODE   S=_TEXT          G=(none)  M=getvect    ACBP=28
 0000:399A 043D C=CODE   S=_TEXT          G=(none)  M=signal     ACBP=28
 0000:3DD7 00D5 C=CODE   S=_TEXT          G=(none)  M=setjmp     ACBP=28
 0000:3EAC 002E C=CODE   S=_TEXT          G=(none)  M=getdate    ACBP=28
 0000:3EDA 0289 C=CODE   S=_TEXT          G=(none)  M=xxv        ACBP=28
 0000:4163 0201 C=CODE   S=_TEXT          G=(none)  M=xalloc     ACBP=28
 0000:4364 03BB C=CODE   S=_TEXT          G=(none)  M=xmsg       ACBP=28
 0000:471F 314E C=CODE   S=_TEXT          G=(none)  M=xx         ACBP=28
 0000:786D 008F C=CODE   S=_TEXT          G=(none)  M=xxas       ACBP=28
 0000:78FC 0060 C=CODE   S=_TEXT          G=(none)  M=ctor2      ACBP=28
 0000:795C 00CF C=CODE   S=_TEXT          G=(none)  M=ctor3      ACBP=28
 0000:7A2B 024B C=CODE   S=_TEXT          G=(none)  M=strings    ACBP=28
 07C7:0006 0521 C=CODE   S=TEST_TEXT      G=(none)  M=test.c     ACBP=28
 0819:0008 00F8 C=CODE   S=OS_CPU_A_TEXT  G=(none)  M=\SOFTWARE\uCOS-II\Ix86L-FP\BC45\OS_CPU_A.ASM ACBP=48
 0829:0000 0270 C=CODE   S=OS_CPU_C_TEXT  G=(none)  M=os_cpu_c.c ACBP=28
 0850:0000 03AD C=CODE   S=PC_TEXT        G=(none)  M=pc.c       ACBP=28
 088A:000D 3A30 C=CODE   S=UCOS_II_TEXT   G=(none)  M=ucos_ii.c  ACBP=28
 0C2E:0000 01E1 C=CODE   S=E87_PROG       G=(none)  M=e87trap    ACBP=68
 0C2E:01F0 03D0 C=CODE   S=E87_PROG       G=(none)  M=emu087     ACBP=68
 0C2E:05C0 0000 C=CODE   S=E87_PROG       G=(none)  M=fp87init   ACBP=68
 0C8A:0000 00E9 C=CODE   S=_TEXTC         G=(none)  M=ctor2      ACBP=28
 0C8A:00E9 021C C=CODE   S=_TEXTC         G=(none)  M=ctor3      ACBP=28
 0C8A:0305 0946 C=CODE   S=_TEXTC         G=(none)  M=strings    ACBP=28
 0D4F:0000 0000 C=FAR_DATA S=_FARDATA       G=(none)  M=c0.asm     ACBP=68
 0D4F:0000 0000 C=FAR_BSS S=_FARBSS        G=(none)  M=c0.asm     ACBP=68
 0D4F:0000 0000 C=OVRINFO S=_OVERLAY_      G=(none)  M=c0.asm     ACBP=68
 0D4F:0000 0000 C=STUBSEG S=_1STUB_        G=(none)  M=c0.asm     ACBP=68
 0D4F:0000 0090 C=DATA   S=_DATA          G=DGROUP  M=c0.asm     ACBP=68
 0D4F:0090 034C C=DATA   S=_DATA          G=DGROUP  M=test.c     ACBP=48
 0D4F:03DC 0000 C=DATA   S=_DATA          G=DGROUP  M=\SOFTWARE\uCOS-II\Ix86L-FP\BC45\OS_CPU_A.ASM ACBP=48
 0D4F:03DC 0000 C=DATA   S=_DATA          G=DGROUP  M=os_cpu_c.c ACBP=48
 0D4F:03DC 001F C=DATA   S=_DATA          G=DGROUP  M=pc.c       ACBP=48
 0D4F:03FC 0108 C=DATA   S=_DATA          G=DGROUP  M=ucos_ii.c  ACBP=48
 0D4F:0504 0002 C=DATA   S=_DATA          G=DGROUP  M=deflt87    ACBP=48
 0D4F:0506 0004 C=DATA   S=_DATA          G=DGROUP  M=protflag   ACBP=48
 0D4F:0510 0000 C=DATA   S=_DATA          G=DGROUP  M=e87trap    ACBP=68
 0D4F:0510 0002 C=DATA   S=_DATA          G=DGROUP  M=fp87init   ACBP=68
 0D4F:0512 0024 C=DATA   S=_DATA          G=DGROUP  M=hugeval    ACBP=48
 0D4F:0536 0043 C=DATA   S=_DATA          G=DGROUP  M=mathwhy    ACBP=48
 0D4F:057A 0000 C=DATA   S=_DATA          G=DGROUP  M=ldtrunc    ACBP=48
 0D4F:057A 0000 C=DATA   S=_DATA          G=DGROUP  M=realcvt2   ACBP=48
 0D4F:057A 0018 C=DATA   S=_DATA          G=DGROUP  M=scantod2   ACBP=48
 0D4F:0592 0000 C=DATA   S=_DATA          G=DGROUP  M=xcvt       ACBP=48
 0D4F:0592 0000 C=DATA   S=_DATA          G=DGROUP  M=matherr    ACBP=48
 0D4F:0592 0000 C=DATA   S=_DATA          G=DGROUP  M=pow10d     ACBP=48
 0D4F:0592 000E C=DATA   S=_DATA          G=DGROUP  M=_matherr   ACBP=48
 0D4F:05A0 000C C=DATA   S=_DATA          G=DGROUP  M=cos        ACBP=48
 0D4F:05AC 000C C=DATA   S=_DATA          G=DGROUP  M=sin        ACBP=48
 0D4F:05B8 0080 C=DATA   S=_DATA          G=DGROUP  M=_pow10     ACBP=48
 0D4F:0638 009A C=DATA   S=_DATA          G=DGROUP  M=fperr      ACBP=48
 0D4F:06D2 0002 C=DATA   S=_DATA          G=DGROUP  M=wscroll    ACBP=48
 0D4F:06D4 0000 C=DATA   S=_DATA          G=DGROUP  M=vram       ACBP=48
 0D4F:06D4 0000 C=DATA   S=_DATA          G=DGROUP  M=cprintf    ACBP=48
 0D4F:06D4 0000 C=DATA   S=_DATA          G=DGROUP  M=gptext     ACBP=48
 0D4F:06D4 0000 C=DATA   S=_DATA          G=DGROUP  M=movetext   ACBP=48
 0D4F:06D4 0000 C=DATA   S=_DATA          G=DGROUP  M=putch      ACBP=48
 0D4F:06D4 0000 C=DATA   S=_DATA          G=DGROUP  M=screen     ACBP=48
 0D4F:06D4 0000 C=DATA   S=_DATA          G=DGROUP  M=scroll     ACBP=48
 0D4F:06D4 0000 C=DATA   S=_DATA          G=DGROUP  M=wherexy    ACBP=48
 0D4F:06D4 0019 C=DATA   S=_DATA          G=DGROUP  M=crtinit    ACBP=48
 0D4F:06EE 0000 C=DATA   S=_DATA          G=DGROUP  M=getch      ACBP=48
 0D4F:06EE 0002 C=DATA   S=_DATA          G=DGROUP  M=kbhit      ACBP=48
 0D4F:06F0 0000 C=DATA   S=_DATA          G=DGROUP  M=memcmp     ACBP=48
 0D4F:06F0 0000 C=DATA   S=_DATA          G=DGROUP  M=memcpy     ACBP=48
 0D4F:06F0 0000 C=DATA   S=_DATA          G=DGROUP  M=memset     ACBP=48
 0D4F:06F0 0000 C=DATA   S=_DATA          G=DGROUP  M=movmem     ACBP=48
 0D4F:06F0 0000 C=DATA   S=_DATA          G=DGROUP  M=strcmp     ACBP=48
 0D4F:06F0 0000 C=DATA   S=_DATA          G=DGROUP  M=strlen     ACBP=48
 0D4F:06F0 0190 C=DATA   S=_DATA          G=DGROUP  M=files      ACBP=48
 0D4F:0880 002A C=DATA   S=_DATA          G=DGROUP  M=files2     ACBP=48
 0D4F:08AA 0000 C=DATA   S=_DATA          G=DGROUP  M=setupio    ACBP=48
 0D4F:08AA 005B C=DATA   S=_DATA          G=DGROUP  M=ioerror    ACBP=48
 0D4F:0906 0000 C=DATA   S=_DATA          G=DGROUP  M=isatty     ACBP=48
 0D4F:0906 0000 C=DATA   S=_DATA          G=DGROUP  M=lseek      ACBP=48
 0D4F:0906 0067 C=DATA   S=_DATA          G=DGROUP  M=vprinter   ACBP=48
 0D4F:096E 0000 C=DATA   S=_DATA          G=DGROUP  M=fflush     ACBP=48
 0D4F:096E 0000 C=DATA   S=_DATA          G=DGROUP  M=flushall   ACBP=48
 0D4F:096E 0000 C=DATA   S=_DATA          G=DGROUP  M=flushout   ACBP=48
 0D4F:096E 0000 C=DATA   S=_DATA          G=DGROUP  M=fprintf    ACBP=48
 0D4F:096E 0000 C=DATA   S=_DATA          G=DGROUP  M=fputs      ACBP=48
 0D4F:096E 0000 C=DATA   S=_DATA          G=DGROUP  M=fseek      ACBP=48
 0D4F:096E 02D0 C=DATA   S=_DATA          G=DGROUP  M=perror     ACBP=48
 0D4F:0C3E 0001 C=DATA   S=_DATA          G=DGROUP  M=putc       ACBP=48
 0D4F:0C40 0004 C=DATA   S=_DATA          G=DGROUP  M=setvbuf    ACBP=48
 0D4F:0C44 0000 C=DATA   S=_DATA          G=DGROUP  M=sprintf    ACBP=48
 0D4F:0C44 0000 C=DATA   S=_DATA          G=DGROUP  M=write      ACBP=48
 0D4F:0C44 0000 C=DATA   S=_DATA          G=DGROUP  M=xfflush    ACBP=48
 0D4F:0C44 0000 C=DATA   S=_DATA          G=DGROUP  M=writea     ACBP=48
 0D4F:0C44 003B C=DATA   S=_DATA          G=DGROUP  M=cconv      ACBP=48
 0D4F:0C80 0101 C=DATA   S=_DATA          G=DGROUP  M=ctype      ACBP=48
 0D4F:0D82 0000 C=DATA   S=_DATA          G=DGROUP  M=f_lxmul    ACBP=48
 0D4F:0D82 0000 C=DATA   S=_DATA          G=DGROUP  M=h_ldiv     ACBP=48
 0D4F:0D82 0000 C=DATA   S=_DATA          G=DGROUP  M=h_llsh     ACBP=48
 0D4F:0D82 0000 C=DATA   S=_DATA          G=DGROUP  M=n_lxmul    ACBP=48
 0D4F:0D82 0000 C=DATA   S=_DATA          G=DGROUP  M=longtoa    ACBP=48
 0D4F:0D82 0002 C=DATA   S=_DATA          G=DGROUP  M=fpstklen   ACBP=48
 0D4F:0D84 0031 C=DATA   S=_DATA          G=DGROUP  M=cvtfak     ACBP=48
 0D4F:0DB6 0000 C=DATA   S=_DATA          G=DGROUP  M=realcvt    ACBP=48
 0D4F:0DB6 0002 C=DATA   S=_DATA          G=DGROUP  M=stklen     ACBP=48
 0D4F:0DB8 0000 C=DATA   S=_DATA          G=DGROUP  M=del        ACBP=48
 0D4F:0DB8 0000 C=DATA   S=_DATA          G=DGROUP  M=delarray   ACBP=48
 0D4F:0DB8 0018 C=DATA   S=_DATA          G=DGROUP  M=new        ACBP=48
 0D4F:0DD0 0000 C=DATA   S=_DATA          G=DGROUP  M=farheap    ACBP=48
 0D4F:0DD0 0002 C=DATA   S=_DATA          G=DGROUP  M=fbrk       ACBP=48
 0D4F:0DD2 0000 C=DATA   S=_DATA          G=DGROUP  M=setblock   ACBP=48
 0D4F:0DD2 0000 C=DATA   S=_DATA          G=DGROUP  M=h_padd     ACBP=48
 0D4F:0DD2 0000 C=DATA   S=_DATA          G=DGROUP  M=n_pcmp     ACBP=48
 0D4F:0DD2 0000 C=DATA   S=_DATA          G=DGROUP  M=errormsg   ACBP=48
 0D4F:0DD2 0002 C=DATA   S=_DATA          G=DGROUP  M=cputype    ACBP=48
 0D4F:0DD4 0000 C=DATA   S=_DATA          G=DGROUP  M=abort      ACBP=48
 0D4F:0DD4 0002 C=DATA   S=_DATA          G=DGROUP  M=atexit     ACBP=48
 0D4F:0DD6 000C C=DATA   S=_DATA          G=DGROUP  M=exit       ACBP=48
 0D4F:0DE2 0000 C=DATA   S=_DATA          G=DGROUP  M=sigdata    ACBP=48
 0D4F:0DE2 001F C=DATA   S=_DATA          G=DGROUP  M=_abort     ACBP=48
 0D4F:0E02 0000 C=DATA   S=_DATA          G=DGROUP  M=getvect    ACBP=48
 0D4F:0E02 0028 C=DATA   S=_DATA          G=DGROUP  M=signal     ACBP=48
 0D4F:0E2A 0000 C=DATA   S=_DATA          G=DGROUP  M=setjmp     ACBP=48
 0D4F:0E2A 0000 C=DATA   S=_DATA          G=DGROUP  M=getdate    ACBP=48
 0D4F:0E2A 0128 C=DATA   S=_DATA          G=DGROUP  M=xxv        ACBP=48
 0D4F:0F52 0000 C=DATA   S=_DATA          G=DGROUP  M=xalloc     ACBP=48
 0D4F:0F52 0000 C=DATA   S=_DATA          G=DGROUP  M=xmsg       ACBP=48
 0D4F:0F52 0012 C=DATA   S=_DATA          G=DGROUP  M=xx         ACBP=48
 0D4F:0F64 0000 C=DATA   S=_DATA          G=DGROUP  M=xxas       ACBP=48
 0D4F:0F64 0000 C=DATA   S=_DATA          G=DGROUP  M=ctor2      ACBP=48
 0D4F:0F64 0000 C=DATA   S=_DATA          G=DGROUP  M=ctor3      ACBP=48
 0D4F:0F64 0066 C=DATA   S=_DATA          G=DGROUP  M=strings    ACBP=48
 0D4F:0FCA 0000 C=DATA   S=_CVTSEG        G=DGROUP  M=c0.asm     ACBP=48
 0D4F:0FCA 0002 C=DATA   S=_CVTSEG        G=DGROUP  M=realcvt2   ACBP=48
 0D4F:0FCC 0002 C=DATA   S=_CVTSEG        G=DGROUP  M=cvtfak     ACBP=48
 0D4F:0FCE 0000 C=DATA   S=_CVTSEG        G=DGROUP  M=realcvt    ACBP=48
 0D4F:0FCE 0000 C=DATA   S=_SCNSEG        G=DGROUP  M=c0.asm     ACBP=48
 0D4F:0FCE 0006 C=DATA   S=_SCNSEG        G=DGROUP  M=scantod2   ACBP=48
 0D4F:0FD4 0006 C=DATA   S=_SCNSEG        G=DGROUP  M=cvtfak     ACBP=48
 0D4F:0FDA 0000 C=CONST  S=_CONST         G=DGROUP  M=c0.asm     ACBP=48
 0D4F:0FDA 0000 C=INITDATA S=_INIT_         G=DGROUP  M=c0.asm     ACBP=48
 0D4F:0FDA 0006 C=INITDATA S=_INIT_         G=DGROUP  M=fp87init   ACBP=48
 0D4F:0FE0 0006 C=INITDATA S=_INIT_         G=DGROUP  M=crtinit    ACBP=48
 0D4F:0FE6 0006 C=INITDATA S=_INIT_         G=DGROUP  M=setupio    ACBP=48
 0D4F:0FEC 0006 C=INITDATA S=_INIT_         G=DGROUP  M=new        ACBP=48
 0D4F:0FF2 0006 C=INITDATA S=_INIT_         G=DGROUP  M=cputype    ACBP=48
 0D4F:0FF8 0000 C=INITDATA S=_INITEND_      G=DGROUP  M=c0.asm     ACBP=28
 0D4F:0FF8 0000 C=EXITDATA S=_EXIT_         G=DGROUP  M=c0.asm     ACBP=48
 0D4F:0FF8 0006 C=EXITDATA S=_EXIT_         G=DGROUP  M=fp87init   ACBP=48
 0D4F:0FFE 0006 C=EXITDATA S=_EXIT_         G=DGROUP  M=new        ACBP=48
 0D4F:1004 0000 C=EXITDATA S=_EXITEND_      G=DGROUP  M=c0.asm     ACBP=28
 0D4F:1004 0000 C=BSS    S=_BSS           G=DGROUP  M=c0.asm     ACBP=48
 0D4F:1004 2C0A C=BSS    S=_BSS           G=DGROUP  M=test.c     ACBP=48
 0D4F:3C0E 2006 C=BSS    S=_BSS           G=DGROUP  M=os_cpu_c.c ACBP=48
 0D4F:5C14 0020 C=BSS    S=_BSS           G=DGROUP  M=pc.c       ACBP=48
 0D4F:5C34 18B8 C=BSS    S=_BSS           G=DGROUP  M=ucos_ii.c  ACBP=48
 0D4F:74EC 0000 C=BSS    S=_BSS           G=DGROUP  M=ldtrunc    ACBP=48
 0D4F:74EC 0000 C=BSS    S=_BSS           G=DGROUP  M=realcvt2   ACBP=48
 0D4F:74EC 0000 C=BSS    S=_BSS           G=DGROUP  M=scantod2   ACBP=48
 0D4F:74EC 0000 C=BSS    S=_BSS           G=DGROUP  M=xcvt       ACBP=48
 0D4F:74EC 0000 C=BSS    S=_BSS           G=DGROUP  M=cos        ACBP=48
 0D4F:74EC 0000 C=BSS    S=_BSS           G=DGROUP  M=sin        ACBP=48
 0D4F:74EC 0000 C=BSS    S=_BSS           G=DGROUP  M=_pow10     ACBP=48
 0D4F:74EC 0000 C=BSS    S=_BSS           G=DGROUP  M=vram       ACBP=48
 0D4F:74EC 0000 C=BSS    S=_BSS           G=DGROUP  M=crtinit    ACBP=48
 0D4F:74EC 0000 C=BSS    S=_BSS           G=DGROUP  M=getch      ACBP=48
 0D4F:74EC 0000 C=BSS    S=_BSS           G=DGROUP  M=kbhit      ACBP=48
 0D4F:74EC 0000 C=BSS    S=_BSS           G=DGROUP  M=memcmp     ACBP=48
 0D4F:74EC 0000 C=BSS    S=_BSS           G=DGROUP  M=memcpy     ACBP=48
 0D4F:74EC 0000 C=BSS    S=_BSS           G=DGROUP  M=memset     ACBP=48
 0D4F:74EC 0000 C=BSS    S=_BSS           G=DGROUP  M=movmem     ACBP=48
 0D4F:74EC 0000 C=BSS    S=_BSS           G=DGROUP  M=strcmp     ACBP=48
 0D4F:74EC 0000 C=BSS    S=_BSS           G=DGROUP  M=strlen     ACBP=48
 0D4F:74EC 0000 C=BSS    S=_BSS           G=DGROUP  M=setupio    ACBP=48
 0D4F:74EC 0000 C=BSS    S=_BSS           G=DGROUP  M=ioerror    ACBP=48
 0D4F:74EC 0000 C=BSS    S=_BSS           G=DGROUP  M=isatty     ACBP=48
 0D4F:74EC 0000 C=BSS    S=_BSS           G=DGROUP  M=lseek      ACBP=48
 0D4F:74EC 0000 C=BSS    S=_BSS           G=DGROUP  M=vprinter   ACBP=48
 0D4F:74EC 0001 C=BSS    S=_BSS           G=DGROUP  M=putc       ACBP=48
 0D4F:74EE 0000 C=BSS    S=_BSS           G=DGROUP  M=writea     ACBP=48
 0D4F:74EE 0000 C=BSS    S=_BSS           G=DGROUP  M=longtoa    ACBP=48
 0D4F:74EE 0000 C=BSS    S=_BSS           G=DGROUP  M=new        ACBP=48
 0D4F:74EE 0000 C=BSS    S=_BSS           G=DGROUP  M=setblock   ACBP=48
 0D4F:74EE 0080 C=BSS    S=_BSS           G=DGROUP  M=atexit     ACBP=48
 0D4F:756E 0004 C=BSS    S=_BSS           G=DGROUP  M=sigdata    ACBP=48
 0D4F:7572 0000 C=BSS    S=_BSS           G=DGROUP  M=getvect    ACBP=48
 0D4F:7572 0008 C=BSS    S=_BSS           G=DGROUP  M=signal     ACBP=48
 0D4F:757A 0000 C=BSS    S=_BSS           G=DGROUP  M=setjmp     ACBP=48
 0D4F:757A 0004 C=BSS    S=_BSS           G=DGROUP  M=xxv        ACBP=48
 0D4F:757E 000B C=BSS    S=_BSS           G=DGROUP  M=xx         ACBP=48
 0D4F:758A 0000 C=BSS    S=_BSS           G=DGROUP  M=xxas       ACBP=48
 0D4F:758A 0000 C=BSS    S=_BSS           G=DGROUP  M=ctor2      ACBP=48
 0D4F:758A 0000 C=BSS    S=_BSS           G=DGROUP  M=ctor3      ACBP=48
 0D4F:758A 0000 C=BSS    S=_BSS           G=DGROUP  M=strings    ACBP=48
 0D4F:758A 0000 C=BSSEND S=_BSSEND        G=DGROUP  M=c0.asm     ACBP=28
 14A8:0000 0131 C=STACK  S=_STACK         G=(none)  M=c0.asm     ACBP=74
 14A8:0000 0080 C=STACK  S=_STACK         G=(none)  M=emuvars    ACBP=78

  Address         Publics by Name

 0000:2E8E       operator delete(void far*)
 0000:2EA4       operator delete[](void far*)
 0000:2F6F       operator new(unsigned int)
 0000:2F41 idle  set_new_handler(void(far*)())
 0000:3EE4 idle  set_terminate(void(far*)())
 0000:3FD8 idle  set_unexpected(void(far*)())
 0C8A:0000       string::string(const string far&)
 0C8A:00E9       string::string(const char far*)
 0C8A:0305       string::~string()
 0C8A:038B idle  string::assert_element(unsigned int) const
 0C8A:0449 idle  string::assert_index(unsigned int) const
 0D4F:0F64 idle  string::case_sensitive
 0D4F:0F6E idle  string::freeboard
 0D4F:0F6A idle  string::initial_capac
 0C8A:0A97 idle  string::initial_capacity(unsigned int)
 0C8A:0ADE idle  string::max_waste(unsigned int)
 0D4F:0F66 idle  string::paranoid_check
 0D4F:0F6C idle  string::resize_inc
 0C8A:0AB4 idle  string::resize_increment(unsigned int)
 0C8A:0A40 idle  string::set_case_sensitive(int)
 0C8A:0A5D idle  string::set_paranoid_check(int)
 0D4F:0F68 idle  string::skip_white
 0C8A:0A7A idle  string::skip_whitespace(int)
 0000:3EDA idle  terminate()
 0C8A:05C2       tstringref::tstringref(const char far*,unsigned int,const char far*,unsigned int,unsigned int)
 0C8A:06AB       tstringref::~tstringref()
 0C8A:0779 idle  tstringref::check_freeboard()
 0C8A:07E1 idle  tstringref::grow_to(unsigned int)
 0C8A:070B idle  tstringref::reserve(unsigned int)
 0C8A:0843 idle  tstringref::round_capacity(unsigned int)
 0C8A:0882 idle  tstringref::splice(unsigned int,unsigned int,const char far*,unsigned int)
 0C8A:0507 idle  tsubstring::assert_element(unsigned int) const
 0000:729B idle  typeinfo::operator =(const typeinfo far&)
 0000:722D idle  typeinfo::typeinfo(const typeinfo far&)
 0000:72AA idle  typeinfo::~typeinfo()
 0000:72DE idle  typeinfo::operator ==(const typeinfo far&) const
 0000:7304 idle  typeinfo::operator !=(const typeinfo far&) const
 0000:7325 idle  typeinfo::before(const typeinfo far&) const
 0000:739D idle  typeinfo::name() const
 0000:3FCF idle  unexpected()
 0000:4163       xalloc::xalloc(const string far&,unsigned int)
 0000:41E2       xalloc::raise()
 0000:45E1 idle  xmsg::operator =(const xmsg far&)
 0000:4453       xmsg::xmsg(const xmsg far&)
 0000:4388       xmsg::xmsg(const string far&)
 0000:44FE       xmsg::~xmsg()
 0000:456A idle  xmsg::raise()
 0000:2ED6 idle  xnew_handler()
 0000:5D53       _catchcleanup()
 0000:55FB idle  _rethrowexception(unsigned int,unsigned char far*)
 0000:55A2       _throwexception(void far*,void far*,void far*,void far*,unsigned int,unsigned int,unsigned int,unsigned char far*)
 0000:7680 idle  __dynamiccast(void far*,void far*,void far*,void far*,int)
 0000:4069 idle  __getpolymorphicdtc(void far*,unsigned int)
 0000:40BD idle  __getpolymorphicdtcfar(void far*,unsigned int)
 0000:73B7 idle  __gettypeinfo(void far*,void far*,void far*,void far*)
 0000:786D       __refdestructorcount()
 0000:7873 idle  __refexceptionlist()
 0000:721B idle  __throwexceptionname()
 0000:71FB idle  __throwfilename()
 0000:720D idle  __throwlinenumber()
 0D4F:0000 idle  DATASEG@
 0000:026D idle  DGROUP@
 0C2E:04E0       e087_Entry
 0C2E:05A3       e087_Shortcut
 0C2E:003F       e087_Trap
 0000:0000 idle  FIARQQ
 0000:0000 idle  FICRQQ
 0000:0000  Abs  FIDRQQ
 0000:0000  Abs  FIERQQ
 0000:0000 idle  FISRQQ
 0000:0000  Abs  FIWRQQ
 0000:0000 idle  FJARQQ
 0000:0000 idle  FJCRQQ
 0000:0000 idle  FJSRQQ
 0000:2CE2 idle  F_LDIV@
 0000:2CF1 idle  F_LMOD@
 0000:2CE9       F_LUDIV@
 0000:2CF9 idle  F_LUMOD@
 0000:2D90 idle  F_LXLSH@
 0000:2CC8       F_LXMUL@
 0000:3764 idle  F_PADD@
 0000:3793 idle  F_PSUB@
 0000:2CE2 idle  LDIV@
 0000:2CF1 idle  LMOD@
 0000:2CE9 idle  LUDIV@
 0000:2CF9 idle  LUMOD@
 0000:2D90 idle  LXLSH@
 0000:2CC8 idle  LXMUL@
 0000:2CDF idle  N_LDIV@
 0000:2CEE idle  N_LMOD@
 0000:2CE6       N_LUDIV@
 0000:2CF6 idle  N_LUMOD@
 0000:2D8D       N_LXLSH@
 0000:2DAE       N_LXMUL@
 0000:3761       N_PADD@
 0000:37C1       N_PCMP@
 0000:3790 idle  N_PSUB@
 0000:3764 idle  PADD@
 0000:3793 idle  PSUB@
 0000:3868       _abort
 0000:387C idle  _atexit
 0000:0DBE       _cos
 0000:11A8 idle  _cprintf
 0D4F:007E       _errno
 0000:390C       _exit
 0000:32EF idle  _farfree
 0000:3403 idle  _farmalloc
 0000:3567 idle  _farrealloc
 0000:20A7       _fflush
 0000:2178       _flushall
 0000:2247       _fprintf
 0000:255F idle  _fputc
 0000:26EA idle  _fputchar
 0000:2267       _fputs
 0000:32EF       _free
 0000:2345       _fseek
 0000:23C7 idle  _ftell
 0000:18AE       _getch
 0000:18CE idle  _getche
 0000:3EAC       _getdate
 0000:11C6       _gettext
 0000:3EC3       _gettime
 0000:3972       _getvect
 0000:1B8A       _isatty
 0000:1922       _kbhit
 0000:2CBE idle  _localeconv
 0000:3E1E       _longjmp
 0000:1B9F       _lseek
 07C7:0006       _main
 0000:33F9       _malloc
 0000:1938       _memcmp
 0000:1960       _memcpy
 0000:1A1E       _memmove
 0000:19AA       _memset
 0000:128E       _movetext
 0000:19CC idle  _movmem
 0D4F:5D04       _OSCPUUsage
 0819:0026       _OSCtxSw
 0D4F:5C34       _OSCtxSwCtr
 0D4F:5C38 idle  _OSEventFreeList
 0D4F:5C3C idle  _OSEventTbl
 088A:0935 idle  _OSFlagAccept
 088A:0A79 idle  _OSFlagCreate
 088A:0AF2 idle  _OSFlagDel
 0D4F:5D00 idle  _OSFlagFreeList
 088A:0C36 idle  _OSFlagPend
 088A:0EAB idle  _OSFlagPost
 088A:104D idle  _OSFlagQuery
 0D4F:5CDC idle  _OSFlagTbl
 0829:0000 idle  _OSFPInit
 0819:008E       _OSFPRestore
 0819:009F       _OSFPSave
 0D4F:6120 idle  _OSIdleCtr
 0D4F:5D06 idle  _OSIdleCtrMax
 0D4F:5D0A idle  _OSIdleCtrRun
 088A:000D       _OSInit
 0829:007A       _OSInitHookBegin
 0829:007F       _OSInitHookEnd
 0819:0061       _OSIntCtxSw
 088A:0049 idle  _OSIntEnter
 088A:0060       _OSIntExit
 0D4F:6111 idle  _OSIntExitY
 0D4F:6110       _OSIntNesting
 0D4F:6112 idle  _OSLockNesting
 0D4F:03FC idle  _OSMapTbl
 088A:12E8 idle  _OSMboxAccept
 088A:1331 idle  _OSMboxCreate
 088A:13A7 idle  _OSMboxDel
 088A:14CC idle  _OSMboxPend
 088A:15D0 idle  _OSMboxPost
 088A:164C idle  _OSMboxPostOpt
 088A:16F5 idle  _OSMboxQuery
 088A:17EF       _OSMemCreate
 0D4F:7328 idle  _OSMemFreeList
 088A:1942       _OSMemGet
 088A:19C4       _OSMemPut
 088A:1A38 idle  _OSMemQuery
 0D4F:732C idle  _OSMemTbl
 088A:1B92 idle  _OSMutexAccept
 088A:1C21 idle  _OSMutexCreate
 088A:1D09 idle  _OSMutexDel
 088A:1E6C idle  _OSMutexPend
 088A:2051 idle  _OSMutexPost
 088A:21DE idle  _OSMutexQuery
 0D4F:6113       _OSPrioCur
 0D4F:6114       _OSPrioHighRdy
 088A:2300 idle  _OSQAccept
 088A:239A idle  _OSQCreate
 088A:24B3 idle  _OSQDel
 088A:2639 idle  _OSQFlush
 0D4F:73F4 idle  _OSQFreeList
 088A:2695 idle  _OSQPend
 088A:27D9 idle  _OSQPost
 088A:28A1 idle  _OSQPostFront
 088A:296A idle  _OSQPostOpt
 088A:2AAA idle  _OSQQuery
 0D4F:73F8 idle  _OSQTbl
 0D4F:6115 idle  _OSRdyGrp
 0D4F:6116 idle  _OSRdyTbl
 0D4F:611E       _OSRunning
 088A:00DD idle  _OSSchedLock
 088A:00F7 idle  _OSSchedUnlock
 088A:2C3F idle  _OSSemAccept
 088A:2C71 idle  _OSSemCreate
 088A:2CE6 idle  _OSSemDel
 088A:2E0B idle  _OSSemPend
 088A:2EC1 idle  _OSSemPost
 088A:2F1F idle  _OSSemQuery
 088A:012A       _OSStart
 0819:0008       _OSStartHighRdy
 088A:018D       _OSStatInit
 0D4F:5D0E idle  _OSStatRdy
 088A:3011 idle  _OSTaskChangePrio
 088A:31E2 idle  _OSTaskCreate
 088A:32A4       _OSTaskCreateExt
 0829:0088       _OSTaskCreateHook
 0D4F:611F       _OSTaskCtr
 088A:338F idle  _OSTaskDel
 0829:00D6       _OSTaskDelHook
 088A:3561 idle  _OSTaskDelReq
 0829:010B       _OSTaskIdleHook
 0D4F:6124 idle  _OSTaskIdleStk
 088A:37DF idle  _OSTaskQuery
 088A:35CE idle  _OSTaskResume
 0829:0110       _OSTaskStatHook
 0D4F:5D10 idle  _OSTaskStatStk
 088A:364E idle  _OSTaskStkChk
 0829:0115       _OSTaskStkInit
 088A:3734 idle  _OSTaskSuspend
 0829:01FF       _OSTaskSwHook
 0D4F:6524       _OSTCBCur
 0D4F:6528 idle  _OSTCBFreeList
 0D4F:652C       _OSTCBHighRdy
 0829:0266       _OSTCBInitHook
 0D4F:6530 idle  _OSTCBList
 0D4F:6534       _OSTCBPrioTbl
 0D4F:6634 idle  _OSTCBTbl
 0D4F:3C0E       _OSTickDOSCtr
 0819:00B0       _OSTickISR
 0D4F:74E8 idle  _OSTime
 088A:3846       _OSTimeDly
 088A:3891       _OSTimeDlyHMSM
 088A:3989 idle  _OSTimeDlyResume
 088A:3A02 idle  _OSTimeGet
 088A:3A24 idle  _OSTimeSet
 088A:01CC       _OSTimeTick
 0829:026B       _OSTimeTickHook
 0D4F:0404 idle  _OSUnMapTbl
 088A:025E       _OSVersion
 088A:0266 idle  _OS_Dummy
 088A:026B idle  _OS_EventTaskRdy
 088A:033E idle  _OS_EventTaskWait
 088A:03A7 idle  _OS_EventTO
 088A:03F7 idle  _OS_EventWaitListInit
 088A:1174 idle  _OS_FlagInit
 088A:123B idle  _OS_FlagUnlink
 088A:1AE7 idle  _OS_MemInit
 088A:2BEB idle  _OS_QInit
 088A:0649 idle  _OS_Sched
 088A:06AE idle  _OS_TaskIdle
 088A:06D7 idle  _OS_TaskStat
 088A:07A7 idle  _OS_TCBInit
 0850:0000 idle  _PC_DispChar
 0850:0041 idle  _PC_DispClrCol
 0850:008A idle  _PC_DispClrRow
 0850:00C6       _PC_DispClrScr
 0850:00FB       _PC_DispStr
 0850:014D       _PC_DOSReturn
 0850:0165       _PC_DOSSaveReturn
 0850:01D7 idle  _PC_ElapsedInit
 0850:01EF idle  _PC_ElapsedStart
 0850:0219 idle  _PC_ElapsedStop
 0850:026E idle  _PC_GetDateTime
 0850:02C5       _PC_GetKey
 0850:02F0       _PC_SetTickRate
 0D4F:5C30 idle  _PC_TickISR
 0850:033D idle  _PC_VectGet
 0850:0378       _PC_VectSet
 0000:24A8 idle  _perror
 0000:0D03       _pow10
 0000:1336       _putch
 0000:122A       _puttext
 0000:3D40       _raise
 0000:5782 idle  _RaiseException
 0000:3560       _realloc
 0000:3741       _setblock
 0000:3DD7       _setjmp
 0000:1984 idle  _setmem
 0000:290D       _setvbuf
 0000:3985       _setvect
 0000:3C12 idle  _signal
 0000:0E0E       _sin
 0000:2A73       _sprintf
 0000:1A43       _strcmp
 0000:1A73       _strlen
 07C7:0429 idle  _Task
 0D4F:3C04 idle  _TaskData
 07C7:005E idle  _TaskStart
 0D4F:3804 idle  _TaskStartStk
 0D4F:1004 idle  _TaskStk
 0000:1900 idle  _ungetch
 0000:2A99 idle  _vsprintf
 0000:16CB idle  _wherex
 0000:16DE idle  _wherey
 0D4F:0DD2       __8086
 0D4F:0510       __8087
 0000:3957       __abort
 0000:1000 idle  __AHINCR
 0000:000C idle  __AHSHIFT
 0D4F:0DD4       __atexitcnt
 0D4F:74EE       __atexittbl
 0000:366F       __brk
 0D4F:0088       __brklvl
 0D4F:006A idle  __C0argc
 0D4F:006C idle  __C0argv
 0000:17C7 idle  __c0crtinit
 0D4F:0070 idle  __C0environ
 0D4F:06EF       __cChar
 0000:3935 idle  __cexit
 0D4F:06EE       __cFlag
 0000:0159       __checknull
 0000:0146       __cleanup
 0000:1076       __CPUTN
 0000:17E8 idle  __crtinit
 0D4F:0C80       __ctype
 0000:71A6       __CurrExcContext
 0000:0000  Abs  __cvtfak
 0000:3947 idle  __c_exit
 0D4F:0504       __default87
 0D4F:757A idle  __DestructorCountPtr
 0D4F:06E4       __directvideo
 0D4F:08AA idle  __doserrno
 0000:1B76 idle  __DOSERROR
 0D4F:08AC idle  __dosErrorToSV
 14A8:0020       __emu
 0D4F:0074 idle  __envLng
 0D4F:0076 idle  __envseg
 0D4F:0078 idle  __envSize
 0000:4115       __ExceptInit
 0000:6466       __ExceptionHandler
 0D4F:0080 idle  __Exception_list
 0000:391F       __exit
 0D4F:0DD6       __exitbuf
 0D4F:0DDA idle  __exitfopen
 0D4F:0DDE idle  __exitopen
 0000:8087 idle  __floatconvert
 0000:21C4       __flushout
 0000:0F29       __fperror
 0D4F:0D82       __fpstklen
 0000:048E idle  __fpuint
 0000:253F idle  __fputc
 0000:2702       __FPUTN
 0000:5736       __Global_unwind
 0D4F:0084       __heapbase
 0D4F:008C       __heaptop
 0D4F:0516       __huge_dble
 0D4F:0512 idle  __huge_flt
 0D4F:051E idle  __huge_ldble
 0D4F:0528 idle  __indefinite
 0D4F:005A idle  __Int0Vector
 0D4F:005E idle  __Int4Vector
 0D4F:0062 idle  __Int5Vector
 0D4F:0066 idle  __Int6Vector
 0000:1B38       __IOERROR
 0D4F:0508 idle  __LDT
 0000:0492       __LDTRUNC
 0D4F:0C44       __localeconvention
 0000:6390       __Local_unwind
 0000:2DC5       __LONGTOA
 0000:0CD7       __matherr
 0D4F:0536       __mathwhy
 0000:026F idle  __MMODEL
 0D4F:0DBE idle  __new_handler
 0D4F:0880       __nfile
 0000:18CB idle  __Ngetche
 0000:18FD idle  __Nungetch
 0D4F:0882       __openfd
 0D4F:007C idle  __osmajor
 0D4F:007D idle  __osminor
 0D4F:007C idle  __osversion
 0000:0E5E       __POW10
 0D4F:0506       __protected
 0D4F:007A       __psp
 0000:2E8A       __REALCVT
 0D4F:0FCA       __RealCvtVector
 0000:01BB       __restorezero
 0000:63B0 idle  __Return_unwind
 0000:2C63       __rtl_write
 0000:36B2       __sbrk
 0D4F:0FCE idle  __ScanTodVector
 0000:1493       __SCREENIO
 0000:1550       __SCROLL
 0000:1A94       __setupio
 0D4F:0DB6       __stklen
 0D4F:06F0       __streams
 0D4F:096E idle  __sys_errlist
 0D4F:0A2E       __sys_nerr
 0000:015A       __terminate
 0D4F:052C idle  __tiny_ldble
 0000:0000 idle  __turboCrt
 0000:0000  Abs  __turboCvt
 0000:8087  Abs  __turboFloat
 0000:2E47 idle  __UTOA
 0000:14D1       __VALIDATEXY
 0D4F:007C       __version
 0D4F:06D4       __video
 0000:1738       __VideoInt
 0000:1BE4       __VPRINTER
 0000:0FD8       __VPTR
 0000:0FFC       __VRAM
 0000:16BD       __wherexy
 0000:2CA2 idle  __write
 0D4F:06D2       __wscroll
 0000:0AC1       __XCVT
 0000:2C24       __xfflush
 0D4F:0082 idle  ___brklvl
 0000:3F50       ___call_terminate
 0000:401A       ___call_unexpected
 0D4F:0E2A idle  ___CPPexceptionList
 0000:37E2       ___ErrorMessage
 0D4F:0E2E idle  ___exceptFlags
 0D4F:0E52 idle  ___exceptionNameBuff
 0D4F:0E4E idle  ___exceptMemAllocVars
 0D4F:0E4A idle  ___exceptStaticBuffP
 0D4F:0ED2 idle  ___ExceptStaticXbuff
 0000:78E8       ___ExitExceptBlocks
 0000:31AF idle  ___first
 0000:03BB idle  ___fpreset
 0000:7879       ___InitExceptBlocks
 0000:471F idle  ___JumpToCatch__
 0000:31B1 idle  ___last
 0000:0D0E       ___matherr
 0000:31B3 idle  ___rover
 0D4F:0E30 idle  ___savedDS
 0D4F:0E32 idle  ___savedSI
 0D4F:756E       ___SignalPtr
 0D4F:0E34 idle  ___terminatePTR
 0D4F:0E3C idle  ___terminate_DS
 0D4F:0E46 idle  ___throwExceptionName
 0D4F:0E40 idle  ___throwFileName
 0D4F:0E44 idle  ___throwLineNumber
 0D4F:0E38 idle  ___unexpectdPTR
 0D4F:0E3E idle  ___unexpectd_DS
 0000:2ABE       ___write
 0D4F:0DB8       ___xalloc

  Address         Publics by Value

 0000:0000 idle  FISRQQ
 0000:0000  Abs  __cvtfak
 0000:0000  Abs  FIDRQQ
 0000:0000 idle  __turboCrt
 0000:0000 idle  FJARQQ
 0000:0000 idle  FJCRQQ
 0000:0000  Abs  FIWRQQ
 0000:0000  Abs  __turboCvt
 0000:0000 idle  FIARQQ
 0000:0000 idle  FICRQQ
 0000:0000 idle  FJSRQQ
 0000:0000  Abs  FIERQQ
 0000:000C idle  __AHSHIFT
 0000:1000 idle  __AHINCR
 0000:8087  Abs  __turboFloat
 0000:8087 idle  __floatconvert
 0000:0146       __cleanup
 0000:0159       __checknull
 0000:015A       __terminate
 0000:01BB       __restorezero
 0000:026D idle  DGROUP@
 0000:026F idle  __MMODEL
 0000:03BB idle  ___fpreset
 0000:048E idle  __fpuint
 0000:0492       __LDTRUNC
 0000:0AC1       __XCVT
 0000:0CD7       __matherr
 0000:0D03       _pow10
 0000:0D0E       ___matherr
 0000:0DBE       _cos
 0000:0E0E       _sin
 0000:0E5E       __POW10
 0000:0F29       __fperror
 0000:0FD8       __VPTR
 0000:0FFC       __VRAM
 0000:1076       __CPUTN
 0000:11A8 idle  _cprintf
 0000:11C6       _gettext
 0000:122A       _puttext
 0000:128E       _movetext
 0000:1336       _putch
 0000:1493       __SCREENIO
 0000:14D1       __VALIDATEXY
 0000:1550       __SCROLL
 0000:16BD       __wherexy
 0000:16CB idle  _wherex
 0000:16DE idle  _wherey
 0000:1738       __VideoInt
 0000:17C7 idle  __c0crtinit
 0000:17E8 idle  __crtinit
 0000:18AE       _getch
 0000:18CB idle  __Ngetche
 0000:18CE idle  _getche
 0000:18FD idle  __Nungetch
 0000:1900 idle  _ungetch
 0000:1922       _kbhit
 0000:1938       _memcmp
 0000:1960       _memcpy
 0000:1984 idle  _setmem
 0000:19AA       _memset
 0000:19CC idle  _movmem
 0000:1A1E       _memmove
 0000:1A43       _strcmp
 0000:1A73       _strlen
 0000:1A94       __setupio
 0000:1B38       __IOERROR
 0000:1B76 idle  __DOSERROR
 0000:1B8A       _isatty
 0000:1B9F       _lseek
 0000:1BE4       __VPRINTER
 0000:20A7       _fflush
 0000:2178       _flushall
 0000:21C4       __flushout
 0000:2247       _fprintf
 0000:2267       _fputs
 0000:2345       _fseek
 0000:23C7 idle  _ftell
 0000:24A8 idle  _perror
 0000:253F idle  __fputc
 0000:255F idle  _fputc
 0000:26EA idle  _fputchar
 0000:2702       __FPUTN
 0000:290D       _setvbuf
 0000:2A73       _sprintf
 0000:2A99 idle  _vsprintf
 0000:2ABE       ___write
 0000:2C24       __xfflush
 0000:2C63       __rtl_write
 0000:2CA2 idle  __write
 0000:2CBE idle  _localeconv
 0000:2CC8 idle  LXMUL@
 0000:2CC8       F_LXMUL@
 0000:2CDF idle  N_LDIV@
 0000:2CE2 idle  F_LDIV@
 0000:2CE2 idle  LDIV@
 0000:2CE6       N_LUDIV@
 0000:2CE9 idle  LUDIV@
 0000:2CE9       F_LUDIV@
 0000:2CEE idle  N_LMOD@
 0000:2CF1 idle  F_LMOD@
 0000:2CF1 idle  LMOD@
 0000:2CF6 idle  N_LUMOD@
 0000:2CF9 idle  LUMOD@
 0000:2CF9 idle  F_LUMOD@
 0000:2D8D       N_LXLSH@
 0000:2D90 idle  LXLSH@
 0000:2D90 idle  F_LXLSH@
 0000:2DAE       N_LXMUL@
 0000:2DC5       __LONGTOA
 0000:2E47 idle  __UTOA
 0000:2E8A       __REALCVT
 0000:2E8E       operator delete(void far*)
 0000:2EA4       operator delete[](void far*)
 0000:2ED6 idle  xnew_handler()
 0000:2F41 idle  set_new_handler(void(far*)())
 0000:2F6F       operator new(unsigned int)
 0000:31AF idle  ___first
 0000:31B1 idle  ___last
 0000:31B3 idle  ___rover
 0000:32EF       _free
 0000:32EF idle  _farfree
 0000:33F9       _malloc
 0000:3403 idle  _farmalloc
 0000:3560       _realloc
 0000:3567 idle  _farrealloc
 0000:366F       __brk
 0000:36B2       __sbrk
 0000:3741       _setblock
 0000:3761       N_PADD@
 0000:3764 idle  PADD@
 0000:3764 idle  F_PADD@
 0000:3790 idle  N_PSUB@
 0000:3793 idle  F_PSUB@
 0000:3793 idle  PSUB@
 0000:37C1       N_PCMP@
 0000:37E2       ___ErrorMessage
 0000:3868       _abort
 0000:387C idle  _atexit
 0000:390C       _exit
 0000:391F       __exit
 0000:3935 idle  __cexit
 0000:3947 idle  __c_exit
 0000:3957       __abort
 0000:3972       _getvect
 0000:3985       _setvect
 0000:3C12 idle  _signal
 0000:3D40       _raise
 0000:3DD7       _setjmp
 0000:3E1E       _longjmp
 0000:3EAC       _getdate
 0000:3EC3       _gettime
 0000:3EDA idle  terminate()
 0000:3EE4 idle  set_terminate(void(far*)())
 0000:3F50       ___call_terminate
 0000:3FCF idle  unexpected()
 0000:3FD8 idle  set_unexpected(void(far*)())
 0000:401A       ___call_unexpected
 0000:4069 idle  __getpolymorphicdtc(void far*,unsigned int)
 0000:40BD idle  __getpolymorphicdtcfar(void far*,unsigned int)
 0000:4115       __ExceptInit
 0000:4163       xalloc::xalloc(const string far&,unsigned int)
 0000:41E2       xalloc::raise()
 0000:4388       xmsg::xmsg(const string far&)
 0000:4453       xmsg::xmsg(const xmsg far&)
 0000:44FE       xmsg::~xmsg()
 0000:456A idle  xmsg::raise()
 0000:45E1 idle  xmsg::operator =(const xmsg far&)
 0000:471F idle  ___JumpToCatch__
 0000:55A2       _throwexception(void far*,void far*,void far*,void far*,unsigned int,unsigned int,unsigned int,unsigned char far*)
 0000:55FB idle  _rethrowexception(unsigned int,unsigned char far*)
 0000:5736       __Global_unwind
 0000:5782 idle  _RaiseException
 0000:5D53       _catchcleanup()
 0000:6390       __Local_unwind
 0000:63B0 idle  __Return_unwind
 0000:6466       __ExceptionHandler
 0000:71A6       __CurrExcContext
 0000:71FB idle  __throwfilename()
 0000:720D idle  __throwlinenumber()
 0000:721B idle  __throwexceptionname()
 0000:722D idle  typeinfo::typeinfo(const typeinfo far&)
 0000:729B idle  typeinfo::operator =(const typeinfo far&)
 0000:72AA idle  typeinfo::~typeinfo()
 0000:72DE idle  typeinfo::operator ==(const typeinfo far&) const
 0000:7304 idle  typeinfo::operator !=(const typeinfo far&) const
 0000:7325 idle  typeinfo::before(const typeinfo far&) const
 0000:739D idle  typeinfo::name() const
 0000:73B7 idle  __gettypeinfo(void far*,void far*,void far*,void far*)
 0000:7680 idle  __dynamiccast(void far*,void far*,void far*,void far*,int)
 0000:786D       __refdestructorcount()
 0000:7873 idle  __refexceptionlist()
 0000:7879       ___InitExceptBlocks
 0000:78E8       ___ExitExceptBlocks
 07C7:0006       _main
 07C7:005E idle  _TaskStart
 07C7:0429 idle  _Task
 0819:0008       _OSStartHighRdy
 0819:0026       _OSCtxSw
 0819:0061       _OSIntCtxSw
 0819:008E       _OSFPRestore
 0819:009F       _OSFPSave
 0819:00B0       _OSTickISR
 0829:0000 idle  _OSFPInit
 0829:007A       _OSInitHookBegin
 0829:007F       _OSInitHookEnd
 0829:0088       _OSTaskCreateHook
 0829:00D6       _OSTaskDelHook
 0829:010B       _OSTaskIdleHook
 0829:0110       _OSTaskStatHook
 0829:0115       _OSTaskStkInit
 0829:01FF       _OSTaskSwHook
 0829:0266       _OSTCBInitHook
 0829:026B       _OSTimeTickHook
 0850:0000 idle  _PC_DispChar
 0850:0041 idle  _PC_DispClrCol
 0850:008A idle  _PC_DispClrRow
 0850:00C6       _PC_DispClrScr
 0850:00FB       _PC_DispStr
 0850:014D       _PC_DOSReturn
 0850:0165       _PC_DOSSaveReturn
 0850:01D7 idle  _PC_ElapsedInit
 0850:01EF idle  _PC_ElapsedStart
 0850:0219 idle  _PC_ElapsedStop
 0850:026E idle  _PC_GetDateTime
 0850:02C5       _PC_GetKey
 0850:02F0       _PC_SetTickRate
 0850:033D idle  _PC_VectGet
 0850:0378       _PC_VectSet
 088A:000D       _OSInit
 088A:0049 idle  _OSIntEnter
 088A:0060       _OSIntExit
 088A:00DD idle  _OSSchedLock
 088A:00F7 idle  _OSSchedUnlock
 088A:012A       _OSStart
 088A:018D       _OSStatInit
 088A:01CC       _OSTimeTick
 088A:025E       _OSVersion
 088A:0266 idle  _OS_Dummy
 088A:026B idle  _OS_EventTaskRdy
 088A:033E idle  _OS_EventTaskWait
 088A:03A7 idle  _OS_EventTO
 088A:03F7 idle  _OS_EventWaitListInit
 088A:0649 idle  _OS_Sched
 088A:06AE idle  _OS_TaskIdle
 088A:06D7 idle  _OS_TaskStat
 088A:07A7 idle  _OS_TCBInit
 088A:0935 idle  _OSFlagAccept
 088A:0A79 idle  _OSFlagCreate
 088A:0AF2 idle  _OSFlagDel
 088A:0C36 idle  _OSFlagPend
 088A:0EAB idle  _OSFlagPost
 088A:104D idle  _OSFlagQuery
 088A:1174 idle  _OS_FlagInit
 088A:123B idle  _OS_FlagUnlink
 088A:12E8 idle  _OSMboxAccept
 088A:1331 idle  _OSMboxCreate
 088A:13A7 idle  _OSMboxDel
 088A:14CC idle  _OSMboxPend
 088A:15D0 idle  _OSMboxPost
 088A:164C idle  _OSMboxPostOpt
 088A:16F5 idle  _OSMboxQuery
 088A:17EF       _OSMemCreate
 088A:1942       _OSMemGet
 088A:19C4       _OSMemPut
 088A:1A38 idle  _OSMemQuery
 088A:1AE7 idle  _OS_MemInit
 088A:1B92 idle  _OSMutexAccept
 088A:1C21 idle  _OSMutexCreate
 088A:1D09 idle  _OSMutexDel
 088A:1E6C idle  _OSMutexPend
 088A:2051 idle  _OSMutexPost
 088A:21DE idle  _OSMutexQuery
 088A:2300 idle  _OSQAccept
 088A:239A idle  _OSQCreate
 088A:24B3 idle  _OSQDel
 088A:2639 idle  _OSQFlush
 088A:2695 idle  _OSQPend
 088A:27D9 idle  _OSQPost
 088A:28A1 idle  _OSQPostFront
 088A:296A idle  _OSQPostOpt
 088A:2AAA idle  _OSQQuery
 088A:2BEB idle  _OS_QInit
 088A:2C3F idle  _OSSemAccept
 088A:2C71 idle  _OSSemCreate
 088A:2CE6 idle  _OSSemDel
 088A:2E0B idle  _OSSemPend
 088A:2EC1 idle  _OSSemPost
 088A:2F1F idle  _OSSemQuery
 088A:3011 idle  _OSTaskChangePrio
 088A:31E2 idle  _OSTaskCreate
 088A:32A4       _OSTaskCreateExt
 088A:338F idle  _OSTaskDel
 088A:3561 idle  _OSTaskDelReq
 088A:35CE idle  _OSTaskResume
 088A:364E idle  _OSTaskStkChk
 088A:3734 idle  _OSTaskSuspend
 088A:37DF idle  _OSTaskQuery
 088A:3846       _OSTimeDly
 088A:3891       _OSTimeDlyHMSM
 088A:3989 idle  _OSTimeDlyResume
 088A:3A02 idle  _OSTimeGet
 088A:3A24 idle  _OSTimeSet
 0C2E:003F       e087_Trap
 0C2E:04E0       e087_Entry
 0C2E:05A3       e087_Shortcut
 0C8A:0000       string::string(const string far&)
 0C8A:00E9       string::string(const char far*)
 0C8A:0305       string::~string()
 0C8A:038B idle  string::assert_element(unsigned int) const
 0C8A:0449 idle  string::assert_index(unsigned int) const
 0C8A:0507 idle  tsubstring::assert_element(unsigned int) const
 0C8A:05C2       tstringref::tstringref(const char far*,unsigned int,const char far*,unsigned int,unsigned int)
 0C8A:06AB       tstringref::~tstringref()
 0C8A:070B idle  tstringref::reserve(unsigned int)
 0C8A:0779 idle  tstringref::check_freeboard()
 0C8A:07E1 idle  tstringref::grow_to(unsigned int)
 0C8A:0843 idle  tstringref::round_capacity(unsigned int)
 0C8A:0882 idle  tstringref::splice(unsigned int,unsigned int,const char far*,unsigned int)
 0C8A:0A40 idle  string::set_case_sensitive(int)
 0C8A:0A5D idle  string::set_paranoid_check(int)
 0C8A:0A7A idle  string::skip_whitespace(int)
 0C8A:0A97 idle  string::initial_capacity(unsigned int)
 0C8A:0AB4 idle  string::resize_increment(unsigned int)
 0C8A:0ADE idle  string::max_waste(unsigned int)
 0D4F:0000 idle  DATASEG@
 0D4F:005A idle  __Int0Vector
 0D4F:005E idle  __Int4Vector
 0D4F:0062 idle  __Int5Vector
 0D4F:0066 idle  __Int6Vector
 0D4F:006A idle  __C0argc
 0D4F:006C idle  __C0argv
 0D4F:0070 idle  __C0environ
 0D4F:0074 idle  __envLng
 0D4F:0076 idle  __envseg
 0D4F:0078 idle  __envSize
 0D4F:007A       __psp
 0D4F:007C       __version
 0D4F:007C idle  __osversion
 0D4F:007C idle  __osmajor
 0D4F:007D idle  __osminor
 0D4F:007E       _errno
 0D4F:0080 idle  __Exception_list
 0D4F:0082 idle  ___brklvl
 0D4F:0084       __heapbase
 0D4F:0088       __brklvl
 0D4F:008C       __heaptop
 0D4F:03FC idle  _OSMapTbl
 0D4F:0404 idle  _OSUnMapTbl
 0D4F:0504       __default87
 0D4F:0506       __protected
 0D4F:0508 idle  __LDT
 0D4F:0510       __8087
 0D4F:0512 idle  __huge_flt
 0D4F:0516       __huge_dble
 0D4F:051E idle  __huge_ldble
 0D4F:0528 idle  __indefinite
 0D4F:052C idle  __tiny_ldble
 0D4F:0536       __mathwhy
 0D4F:06D2       __wscroll
 0D4F:06D4       __video
 0D4F:06E4       __directvideo
 0D4F:06EE       __cFlag
 0D4F:06EF       __cChar
 0D4F:06F0       __streams
 0D4F:0880       __nfile
 0D4F:0882       __openfd
 0D4F:08AA idle  __doserrno
 0D4F:08AC idle  __dosErrorToSV
 0D4F:096E idle  __sys_errlist
 0D4F:0A2E       __sys_nerr
 0D4F:0C44       __localeconvention
 0D4F:0C80       __ctype
 0D4F:0D82       __fpstklen
 0D4F:0DB6       __stklen
 0D4F:0DB8       ___xalloc
 0D4F:0DBE idle  __new_handler
 0D4F:0DD2       __8086
 0D4F:0DD4       __atexitcnt
 0D4F:0DD6       __exitbuf
 0D4F:0DDA idle  __exitfopen
 0D4F:0DDE idle  __exitopen
 0D4F:0E2A idle  ___CPPexceptionList
 0D4F:0E2E idle  ___exceptFlags
 0D4F:0E30 idle  ___savedDS
 0D4F:0E32 idle  ___savedSI
 0D4F:0E34 idle  ___terminatePTR
 0D4F:0E38 idle  ___unexpectdPTR
 0D4F:0E3C idle  ___terminate_DS
 0D4F:0E3E idle  ___unexpectd_DS
 0D4F:0E40 idle  ___throwFileName
 0D4F:0E44 idle  ___throwLineNumber
 0D4F:0E46 idle  ___throwExceptionName
 0D4F:0E4A idle  ___exceptStaticBuffP
 0D4F:0E4E idle  ___exceptMemAllocVars
 0D4F:0E52 idle  ___exceptionNameBuff
 0D4F:0ED2 idle  ___ExceptStaticXbuff
 0D4F:0F64 idle  string::case_sensitive
 0D4F:0F66 idle  string::paranoid_check
 0D4F:0F68 idle  string::skip_white
 0D4F:0F6A idle  string::initial_capac
 0D4F:0F6C idle  string::resize_inc
 0D4F:0F6E idle  string::freeboard
 0D4F:0FCA       __RealCvtVector
 0D4F:0FCE idle  __ScanTodVector
 0D4F:1004 idle  _TaskStk
 0D4F:3804 idle  _TaskStartStk
 0D4F:3C04 idle  _TaskData
 0D4F:3C0E       _OSTickDOSCtr
 0D4F:5C30 idle  _PC_TickISR
 0D4F:5C34       _OSCtxSwCtr
 0D4F:5C38 idle  _OSEventFreeList
 0D4F:5C3C idle  _OSEventTbl
 0D4F:5CDC idle  _OSFlagTbl
 0D4F:5D00 idle  _OSFlagFreeList
 0D4F:5D04       _OSCPUUsage
 0D4F:5D06 idle  _OSIdleCtrMax
 0D4F:5D0A idle  _OSIdleCtrRun
 0D4F:5D0E idle  _OSStatRdy
 0D4F:5D10 idle  _OSTaskStatStk
 0D4F:6110       _OSIntNesting
 0D4F:6111 idle  _OSIntExitY
 0D4F:6112 idle  _OSLockNesting
 0D4F:6113       _OSPrioCur
 0D4F:6114       _OSPrioHighRdy
 0D4F:6115 idle  _OSRdyGrp
 0D4F:6116 idle  _OSRdyTbl
 0D4F:611E       _OSRunning
 0D4F:611F       _OSTaskCtr
 0D4F:6120 idle  _OSIdleCtr
 0D4F:6124 idle  _OSTaskIdleStk
 0D4F:6524       _OSTCBCur
 0D4F:6528 idle  _OSTCBFreeList
 0D4F:652C       _OSTCBHighRdy
 0D4F:6530 idle  _OSTCBList
 0D4F:6534       _OSTCBPrioTbl
 0D4F:6634 idle  _OSTCBTbl
 0D4F:7328 idle  _OSMemFreeList
 0D4F:732C idle  _OSMemTbl
 0D4F:73F4 idle  _OSQFreeList
 0D4F:73F8 idle  _OSQTbl
 0D4F:74E8 idle  _OSTime
 0D4F:74EE       __atexittbl
 0D4F:756E       ___SignalPtr
 0D4F:757A idle  __DestructorCountPtr
 14A8:0020       __emu

Program entry point at 0000:0000

