 MyTask

 Timestamp is 3c7775e9 (Sat Feb 23 18:58:49 2002)

 Preferred load address is 00000000

 Start         Length     Name                   Class
 0001:00000000 00006278H .text                   CODE
 0002:00000000 00000074H .idata$5                DATA
 0002:00000078 000004d8H .rdata                  DATA
 0002:00000550 00000014H .idata$2                DATA
 0002:00000564 00000014H .idata$3                DATA
 0002:00000578 00000074H .idata$4                DATA
 0002:000005ec 000001ceH .idata$6                DATA
 0002:000007ba 00000000H .edata                  DATA
 0003:00000000 00000004H .CRT$XCA                DATA
 0003:00000004 00000004H .CRT$XCZ                DATA
 0003:00000008 00000004H .CRT$XIA                DATA
 0003:0000000c 00000008H .CRT$XIC                DATA
 0003:00000014 00000004H .CRT$XIZ                DATA
 0003:00000018 00000004H .CRT$XPA                DATA
 0003:0000001c 00000004H .CRT$XPX                DATA
 0003:00000020 00000004H .CRT$XPZ                DATA
 0003:00000024 00000004H .CRT$XTA                DATA
 0003:00000028 00000004H .CRT$XTZ                DATA
 0003:00000030 00000cf0H .data                   DATA
 0003:00000d20 00027d30H .bss                    DATA

  Address         Publics by Value              Rva+Base     Lib:Object

 0001:00000000       EntryPoint                 00001000 f   Entry.obj
 0001:00000028       EntryPoint32               00001028 f   Entry.obj
 0001:00000058       _Gdt                       00001058     Entry.obj
 0001:00000070       _Idt                       00001070     Entry.obj
 0001:00000270       _arprecv                   00001270 f   arp.obj
 0001:00000320       _arp_reply                 00001320 f   arp.obj
 0001:00000430       _br_register_port          00001430 f   br.obj
 0001:00000470       _br_init                   00001470 f   br.obj
 0001:00000570       _command                   00001570 f   command.obj
 0001:00000870       _debug_print               00001870 f   debug.obj
 0001:000008a0       _debug_print_buf           000018a0 f   debug.obj
 0001:00000900       _init_intr_table           00001900 f   interrupt.obj
 0001:00000930       _intr_establish            00001930 f   interrupt.obj
 0001:00000970       _iprecv                    00001970 f   ip.obj
 0001:00000ae0       _main                      00001ae0 f   MyTask.obj
 0001:00000bb0       _Net_do                    00001bb0 f   MyTask.obj
 0001:00000bd0       _Shell                     00001bd0 f   MyTask.obj
 0001:00000c50       _netif_rx                  00001c50 f   nic.obj
 0001:00000d00       _netif_bh                  00001d00 f   nic.obj
 0001:00000dd0       _netif_lookup_by_name      00001dd0 f   nic.obj
 0001:00000e20       _netif_ioctl               00001e20 f   nic.obj
 0001:00000e60       _netif_slowtimo            00001e60 f   nic.obj
 0001:00000eb0       _netif_init                00001eb0 f   nic.obj
 0001:00000f60       _OSCpuInit                 00001f60 f   os_cpu_c.obj
 0001:00001060       _OSTaskStkInit             00002060 f   os_cpu_c.obj
 0001:000010e0       _OSDefault_interrupt_i     000020e0 f   os_cpu_c.obj
 0001:000010e0       _OSTaskCreateHook          000020e0 f   os_cpu_c.obj
 0001:000010e0       _OSTaskSwHook              000020e0 f   os_cpu_c.obj
 0001:000010e0       _OSTaskStatHook            000020e0 f   os_cpu_c.obj
 0001:000010f0       _OSTimeTickHook            000020f0 f   os_cpu_c.obj
 0001:00001100       _OSDefault_interrupt       00002100 f   os_cpu_c.obj
 0001:00001180       _SetIntVector              00002180 f   os_cpu_c.obj
 0001:000011f0       _pcibios_read_config_byte  000021f0 f   pci.obj
 0001:00001230       _pcibios_read_config_dword 00002230 f   pci.obj
 0001:00001270       _read_PCI_config           00002270 f   pci.obj
 0001:000012b0       _init_pci_bus              000022b0 f   pci.obj
 0001:000013c0       _lookup_pci_device         000023c0 f   pci.obj
 0001:00001420       _rtl_interrupt             00002420 f   rtl8139.obj
 0001:000015a0       _rtl8139_probe             000025a0 f   rtl8139.obj
 0001:00001980       _OSSerial_interrupt        00002980 f   serial.obj
 0001:000019d0       _port_open                 000029d0 f   serial.obj
 0001:00001a40       _port_set                  00002a40 f   serial.obj
 0001:00001af0       _port_putc                 00002af0 f   serial.obj
 0001:00001b30       _port_getc                 00002b30 f   serial.obj
 0001:00001b60       _OSport_init               00002b60 f   serial.obj
 0001:00001bb0       _OSport_getc               00002bb0 f   serial.obj
 0001:00001c30       _OSport_gets               00002c30 f   serial.obj
 0001:00001cc0       _OSport_putc               00002cc0 f   serial.obj
 0001:00001cf0       _OSport_puts               00002cf0 f   serial.obj
 0001:00001d30       _sjy22_init                00002d30 f   sjy.obj
 0001:00001d90       _write_to_zero             00002d90 f   sjy.obj
 0001:00001e10       _read_from_zero            00002e10 f   sjy.obj
 0001:00001ed0       _comm_to_card              00002ed0 f   sjy.obj
 0001:00002010       _InitWithKey               00003010 f   sjy22.obj
 0001:00002090       _Encrypt                   00003090 f   sjy22.obj
 0001:00002150       _SJY22_encrypt             00003150 f   sjy22.obj
 0001:00002180       _load_timer2               00003180 f   ucos_timer.obj
 0001:000021a0       _timer2_running            000031a0 f   ucos_timer.obj
 0001:000021b0       _intel16                   000031b0 f   intel.obj
 0001:000021bb       _intel                     000031bb f   intel.obj
 0001:000021cc       _OSTickISR                 000031cc f   os_cpu_a.obj
 0001:000021e2       _OSStartHighRdy            000031e2 f   os_cpu_a.obj
 0001:000021f6       _OSCtxSw                   000031f6 f   os_cpu_a.obj
 0001:0000221b       _OSIntCtxSw                0000321b f   os_cpu_a.obj
 0001:00002242       _DefIntHandler             00003242 f   os_cpu_a.obj
 0001:0000225c       _DefIntHandler0            0000325c f   os_cpu_a.obj
 0001:00002280       _DefIntHandler1            00003280 f   os_cpu_a.obj
 0001:000022a4       _DefIntHandler2            000032a4 f   os_cpu_a.obj
 0001:000022c8       _DefIntHandler3            000032c8 f   os_cpu_a.obj
 0001:000022ec       _DefIntHandler4            000032ec f   os_cpu_a.obj
 0001:00002310       _DefIntHandler5            00003310 f   os_cpu_a.obj
 0001:00002334       _DefIntHandler6            00003334 f   os_cpu_a.obj
 0001:00002358       _DefIntHandler7            00003358 f   os_cpu_a.obj
 0001:0000237c       _DefIntHandler8            0000337c f   os_cpu_a.obj
 0001:000023a0       _DefIntHandler9            000033a0 f   os_cpu_a.obj
 0001:000023c4       _DefIntHandler10           000033c4 f   os_cpu_a.obj
 0001:000023e8       _DefIntHandler11           000033e8 f   os_cpu_a.obj
 0001:0000240c       _DefIntHandler12           0000340c f   os_cpu_a.obj
 0001:00002430       _DefIntHandler13           00003430 f   os_cpu_a.obj
 0001:00002454       _DefIntHandler14           00003454 f   os_cpu_a.obj
 0001:00002478       _DefIntHandler15           00003478 f   os_cpu_a.obj
 0001:000024a0       _inet_aton                 000034a0 f   InetAddr.obj
 0001:000026f0       _inet_addr                 000036f0 f   InetAddr.obj
 0001:00002710       _icmp_echo                 00003710 f   neticmp.obj
 0001:00002730       _icmprecv                  00003730 f   neticmp.obj
 0001:00002880       _OSTimeDly                 00003880 f   ucos-ii:Os_time.obj
 0001:000028e0       _OSTimeGet                 000038e0 f   ucos-ii:Os_time.obj
 0001:000028f0       _OSInit                    000038f0 f   ucos-ii:Os_core.obj
 0001:00002a10       _OSIntEnter                00003a10 f   ucos-ii:Os_core.obj
 0001:00002a20       _OSIntExit                 00003a20 f   ucos-ii:Os_core.obj
 0001:00002aa0       _OSSched                   00003aa0 f   ucos-ii:Os_core.obj
 0001:00002b20       _OSStart                   00003b20 f   ucos-ii:Os_core.obj
 0001:00002b80       _OSTaskIdle                00003b80 f   ucos-ii:Os_core.obj
 0001:00002b90       _OSTaskStat                00003b90 f   ucos-ii:Os_core.obj
 0001:00002c30       _OSTCBInit                 00003c30 f   ucos-ii:Os_core.obj
 0001:00002d20       _OSTimeTick                00003d20 f   ucos-ii:Os_core.obj
 0001:00002d90       _OSTaskCreateExt           00003d90 f   ucos-ii:Os_task.obj
 0001:00002e90       _OSTaskResume              00003e90 f   ucos-ii:Os_task.obj
 0001:00002f00       _OSTaskSuspend             00003f00 f   ucos-ii:Os_task.obj
 0001:00002fa0       _OSMemInit                 00003fa0 f   ucos-ii:Os_mem.obj
 0001:00002fe0       _OSQInit                   00003fe0 f   ucos-ii:Os_q.obj
 0001:00003010       __exit                     00004010 f   LIBC:crt0dat.obj
 0001:000030e0       __chkstk                   000040e0 f   LIBC:chkstk.obj
 0001:000030e0       __alloca_probe             000040e0 f   LIBC:chkstk.obj
 0001:0000310f       _vsprintf                  0000410f f   LIBC:vsprintf.obj
 0001:00003160       _strncmp                   00004160 f   LIBC:strncmp.obj
 0001:00003198       _sprintf                   00004198 f   LIBC:sprintf.obj
 0001:000031ea       __isctype                  000041ea f   LIBC:isctype.obj
 0001:0000325f       __flsbuf                   0000425f f   LIBC:_flsbuf.obj
 0001:00003374       __output                   00004374 f   LIBC:output.obj
 0001:00003b7e       ___crtGetStringTypeA       00004b7e f   LIBC:a_str.obj
 0001:00003cc7       __lseek                    00004cc7 f   LIBC:lseek.obj
 0001:00003d61       __write                    00004d61 f   LIBC:write.obj
 0001:00003f0e       __getbuf                   00004f0e f   LIBC:_getbuf.obj
 0001:00003f52       __isatty                   00004f52 f   LIBC:isatty.obj
 0001:00003f78       ___initstdio               00004f78 f   LIBC:_file.obj
 0001:0000401d       ___endstdio                0000501d f   LIBC:_file.obj
 0001:00004040       _strlen                    00005040 f   LIBC:strlen.obj
 0001:000040bb       _wctomb                    000050bb f   LIBC:wctomb.obj
 0001:00004130       __aulldiv                  00005130 f   LIBC:ulldiv.obj
 0001:000041a0       __aullrem                  000051a0 f   LIBC:ullrem.obj
 0001:00004220       _memset                    00005220 f   LIBC:memset.obj
 0001:00004278       __global_unwind2           00005278 f   LIBC:exsup.obj
 0001:000042ba       __local_unwind2            000052ba f   LIBC:exsup.obj
 0001:00004312       __NLG_Return2              00005312 f   LIBC:exsup.obj
 0001:00004322       __abnormal_termination     00005322 f   LIBC:exsup.obj
 0001:00004345       __NLG_Notify1              00005345 f   LIBC:exsup.obj
 0001:0000434e       __NLG_Notify               0000534e f   LIBC:exsup.obj
 0001:00004361       __NLG_Dispatch             00005361 f   LIBC:exsup.obj
 0001:00004370       __except_handler3          00005370 f   LIBC:exsup3.obj
 0001:0000442d       __seh_longjmp_unwind@4     0000542d f   LIBC:exsup3.obj
 0001:00004448       __dosmaperr                00005448 f   LIBC:dosmap.obj
 0001:000044af       __free_osfhnd              000054af f   LIBC:osfinfo.obj
 0001:00004529       __get_osfhandle            00005529 f   LIBC:osfinfo.obj
 0001:00004566       __amsg_exit                00005566 f   LIBC:crt0.obj
 0001:0000458b       _malloc                    0000558b f   LIBC:malloc.obj
 0001:0000459d       __nh_malloc                0000559d f   LIBC:malloc.obj
 0001:000045c9       __heap_alloc               000055c9 f   LIBC:malloc.obj
 0001:000045ff       _free                      000055ff f   LIBC:free.obj
 0001:0000462e       _calloc                    0000562e f   LIBC:calloc.obj
 0001:000046ab       __fcloseall                000056ab f   LIBC:closeall.obj
 0001:00004703       _fflush                    00005703 f   LIBC:fflush.obj
 0001:0000473e       __flush                    0000573e f   LIBC:fflush.obj
 0001:0000479a       __flushall                 0000579a f   LIBC:fflush.obj
 0001:00004810       __fptrap                   00005810 f   LIBC:crt0fp.obj
 0001:00004819       __FF_MSGBANNER             00005819 f   LIBC:crt0msg.obj
 0001:00004852       __NMSG_WRITE               00005852 f   LIBC:crt0msg.obj
 0001:000049a5       __callnewh                 000059a5 f   LIBC:handler.obj
 0001:000049c0       ___sbh_find_block          000059c0 f   LIBC:sbheap.obj
 0001:000049eb       ___sbh_free_block          000059eb f   LIBC:sbheap.obj
 0001:00004d16       ___sbh_alloc_block         00005d16 f   LIBC:sbheap.obj
 0001:0000501f       ___sbh_alloc_new_region    0000601f f   LIBC:sbheap.obj
 0001:000050d0       ___sbh_alloc_new_group     000060d0 f   LIBC:sbheap.obj
 0001:000051cb       _fclose                    000061cb f   LIBC:fclose.obj
 0001:00005221       __commit                   00006221 f   LIBC:commit.obj
 0001:00005280       _strcpy                    00006280 f   LIBC:strcat.obj
 0001:00005290       _strcat                    00006290 f   LIBC:strcat.obj
 0001:00005370       __setmbcp                  00006370 f   LIBC:mbctype.obj
 0001:00005734       ___initmbctable            00006734 f   LIBC:mbctype.obj
 0001:00005750       _memcpy                    00006750 f   LIBC:memcpy.obj
 0001:00005a85       ___crtMessageBoxA          00006a85 f   LIBC:crtmbox.obj
 0001:00005b10       _strncpy                   00006b10 f   LIBC:strncpy.obj
 0001:00005c10       _memmove                   00006c10 f   LIBC:memmove.obj
 0001:00005f45       __close                    00006f45 f   LIBC:close.obj
 0001:00005ff8       __freebuf                  00006ff8 f   LIBC:_freebuf.obj
 0001:00006023       ___crtLCMapStringA         00007023 f   LIBC:a_map.obj
 0001:00006272       _RtlUnwind@16              00007272 f   kernel32:KERNEL32.dll
 0002:00000000       __imp__GetModuleFileNameA@12 00008000     kernel32:KERNEL32.dll
 0002:00000004       __imp__TerminateProcess@8  00008004     kernel32:KERNEL32.dll
 0002:00000008       __imp__GetCurrentProcess@0 00008008     kernel32:KERNEL32.dll
 0002:0000000c       __imp__MultiByteToWideChar@24 0000800c     kernel32:KERNEL32.dll
 0002:00000010       __imp__GetStringTypeA@20   00008010     kernel32:KERNEL32.dll
 0002:00000014       __imp__GetStringTypeW@16   00008014     kernel32:KERNEL32.dll
 0002:00000018       __imp__GetLastError@0      00008018     kernel32:KERNEL32.dll
 0002:0000001c       __imp__SetFilePointer@16   0000801c     kernel32:KERNEL32.dll
 0002:00000020       __imp__GetStdHandle@4      00008020     kernel32:KERNEL32.dll
 0002:00000024       __imp__WriteFile@20        00008024     kernel32:KERNEL32.dll
 0002:00000028       __imp__WideCharToMultiByte@32 00008028     kernel32:KERNEL32.dll
 0002:0000002c       __imp__RtlUnwind@16        0000802c     kernel32:KERNEL32.dll
 0002:00000030       __imp__SetStdHandle@8      00008030     kernel32:KERNEL32.dll
 0002:00000034       __imp__HeapAlloc@12        00008034     kernel32:KERNEL32.dll
 0002:00000038       __imp__HeapFree@12         00008038     kernel32:KERNEL32.dll
 0002:0000003c       __imp__ExitProcess@4       0000803c     kernel32:KERNEL32.dll
 0002:00000040       __imp__VirtualFree@12      00008040     kernel32:KERNEL32.dll
 0002:00000044       __imp__VirtualAlloc@16     00008044     kernel32:KERNEL32.dll
 0002:00000048       __imp__HeapReAlloc@16      00008048     kernel32:KERNEL32.dll
 0002:0000004c       __imp__FlushFileBuffers@4  0000804c     kernel32:KERNEL32.dll
 0002:00000050       __imp__GetCPInfo@8         00008050     kernel32:KERNEL32.dll
 0002:00000054       __imp__GetACP@0            00008054     kernel32:KERNEL32.dll
 0002:00000058       __imp__GetOEMCP@0          00008058     kernel32:KERNEL32.dll
 0002:0000005c       __imp__GetProcAddress@8    0000805c     kernel32:KERNEL32.dll
 0002:00000060       __imp__LoadLibraryA@4      00008060     kernel32:KERNEL32.dll
 0002:00000064       __imp__CloseHandle@4       00008064     kernel32:KERNEL32.dll
 0002:00000068       __imp__LCMapStringA@24     00008068     kernel32:KERNEL32.dll
 0002:0000006c       __imp__LCMapStringW@24     0000806c     kernel32:KERNEL32.dll
 0002:00000070       \177KERNEL32_NULL_THUNK_DATA 00008070     kernel32:KERNEL32.dll
 0002:0000007c       _OSMapTbl                  0000807c     ucos-ii:Os_core.obj
 0002:00000084       _OSUnMapTbl                00008084     ucos-ii:Os_core.obj
 0002:00000184       ___lookuptable             00008184     LIBC:output.obj
 0002:000001e0       ??_C@_1O@POHA@?$AA?$CI?$AAn?$AAu?$AAl?$AAl?$AA?$CJ?$AA?$AA@ 000081e0     LIBC:output.obj
 0002:000001f0       ??_C@_06ONKE@?$CInull?$CJ?$AA@ 000081f0     LIBC:output.obj
 0002:000001f8       ??_C@_01A@?$AA?$AA@        000081f8     LIBC:a_str.obj
 0002:000001fc       ??_C@_13A@?$AA?$AA?$AA?$AA@ 000081fc     LIBC:a_str.obj
 0002:0000020c       ??_C@_0P@GGKG@runtime?5error?5?$AA@ 0000820c     LIBC:crt0msg.obj
 0002:0000021c       ??_C@_0O@DELO@TLOSS?5error?$AN?6?$AA@ 0000821c     LIBC:crt0msg.obj
 0002:0000022c       ??_C@_0N@OMLL@SING?5error?$AN?6?$AA@ 0000822c     LIBC:crt0msg.obj
 0002:0000023c       ??_C@_0P@OJAK@DOMAIN?5error?$AN?6?$AA@ 0000823c     LIBC:crt0msg.obj
 0002:0000024c       ??_C@_0CF@EANP@R6028?$AN?6?9?5unable?5to?5initialize?5he@ 0000824c     LIBC:crt0msg.obj
 0002:00000274       ??_C@_0DF@ECGN@R6027?$AN?6?9?5not?5enough?5space?5for?5lo@ 00008274     LIBC:crt0msg.obj
 0002:000002ac       ??_C@_0DF@FKAC@R6026?$AN?6?9?5not?5enough?5space?5for?5st@ 000082ac     LIBC:crt0msg.obj
 0002:000002e4       ??_C@_0CG@DPMN@R6025?$AN?6?9?5pure?5virtual?5function?5c@ 000082e4     LIBC:crt0msg.obj
 0002:0000030c       ??_C@_0DF@CKIP@R6024?$AN?6?9?5not?5enough?5space?5for?5_o@ 0000830c     LIBC:crt0msg.obj
 0002:00000344       ??_C@_0CJ@GGOE@R6019?$AN?6?9?5unable?5to?5open?5console?5@ 00008344     LIBC:crt0msg.obj
 0002:00000370       ??_C@_0CB@LBOB@R6018?$AN?6?9?5unexpected?5heap?5error?$AN?6@ 00008370     LIBC:crt0msg.obj
 0002:00000394       ??_C@_0CN@FPEG@R6017?$AN?6?9?5unexpected?5multithread?5@ 00008394     LIBC:crt0msg.obj
 0002:000003c4       ??_C@_0CM@OBIC@R6016?$AN?6?9?5not?5enough?5space?5for?5th@ 000083c4     LIBC:crt0msg.obj
 0002:000003f0       ??_C@_0CB@HPAL@?$AN?6abnormal?5program?5termination?$AN?6@ 000083f0     LIBC:crt0msg.obj
 0002:00000414       ??_C@_0CM@JOOB@R6009?$AN?6?9?5not?5enough?5space?5for?5en@ 00008414     LIBC:crt0msg.obj
 0002:00000440       ??_C@_0CK@OIBL@R6008?$AN?6?9?5not?5enough?5space?5for?5ar@ 00008440     LIBC:crt0msg.obj
 0002:0000046c       ??_C@_0CF@LKPB@R6002?$AN?6?9?5floating?5point?5not?5load@ 0000846c     LIBC:crt0msg.obj
 0002:00000494       ??_C@_0CF@JPDF@Microsoft?5Visual?5C?$CL?$CL?5Runtime?5Lib@ 00008494     LIBC:crt0msg.obj
 0002:000004bc       ??_C@_02JJJH@?6?6?$AA@     000084bc     LIBC:crt0msg.obj
 0002:000004c0       ??_C@_0BK@DEOK@Runtime?5Error?$CB?6?6Program?3?5?$AA@ 000084c0     LIBC:crt0msg.obj
 0002:000004dc       ??_C@_03NAME@?4?4?4?$AA@   000084dc     LIBC:crt0msg.obj
 0002:000004e0       ??_C@_0BH@NNCD@?$DMprogram?5name?5unknown?$DO?$AA@ 000084e0     LIBC:crt0msg.obj
 0002:000004f8       ??_C@_0BD@NJFP@GetLastActivePopup?$AA@ 000084f8     LIBC:crtmbox.obj
 0002:0000050c       ??_C@_0BA@GILI@GetActiveWindow?$AA@ 0000850c     LIBC:crtmbox.obj
 0002:0000051c       ??_C@_0M@PKCK@MessageBoxA?$AA@ 0000851c     LIBC:crtmbox.obj
 0002:00000528       ??_C@_0L@HKL@user32?4dll?$AA@ 00008528     LIBC:crtmbox.obj
 0002:00000550       __IMPORT_DESCRIPTOR_KERNEL32 00008550     kernel32:KERNEL32.dll
 0002:00000564       __NULL_IMPORT_DESCRIPTOR   00008564     kernel32:KERNEL32.dll
 0003:00000000       ___xc_a                    00009000     LIBC:crt0init.obj
 0003:00000004       ___xc_z                    00009004     LIBC:crt0init.obj
 0003:00000008       ___xi_a                    00009008     LIBC:crt0init.obj
 0003:00000014       ___xi_z                    00009014     LIBC:crt0init.obj
 0003:00000018       ___xp_a                    00009018     LIBC:crt0init.obj
 0003:00000020       ___xp_z                    00009020     LIBC:crt0init.obj
 0003:00000024       ___xt_a                    00009024     LIBC:crt0init.obj
 0003:00000028       ___xt_z                    00009028     LIBC:crt0init.obj
 0003:00000030       _debug                     00009030     arp.obj
 0003:00000038       _arp_list                  00009038     arp.obj
 0003:00000098       _arp_num                   00009098     arp.obj
 0003:000000a4       _fdb_aging_time            000090a4     br.obj
 0003:000000a8       ??_C@_0DH@OKGF@register?5bridge?5port?5?$CFd?5?0dev?5ind@ 000090a8     br.obj
 0003:000000e0       ??_C@_0CH@MGPM@NET4?3?5Ethernet?5Bridge?5007?5for?5NE@ 000090e0     br.obj
 0003:00000174       ??_C@_0L@IOHB@Test?5sjy22?$AA@ 00009174     command.obj
 0003:00000180       ??_C@_07LNDA@testsjy?$AA@  00009180     command.obj
 0003:00000188       ??_C@_0BI@DMLN@Get?5or?5set?5system?5time?5?$AA@ 00009188     command.obj
 0003:000001a0       ??_C@_04EKDK@time?$AA@     000091a0     command.obj
 0003:000001a8       ??_C@_0BF@OBHG@Set?5interface?5flags?5?$AA@ 000091a8     command.obj
 0003:000001c0       ??_C@_08MHDA@ifconfig?$AA@ 000091c0     command.obj
 0003:000001cc       ??_C@_04MHDN@help?$AA@     000091cc     command.obj
 0003:000001d4       ??_C@_05FELG@boco?$CD?$AA@ 000091d4     command.obj
 0003:000001dc       ??_C@_03NNMA@1?40?$AA@     000091dc     command.obj
 0003:000001e0       ??_C@_0BG@KDCJ@usage?3?5?$DM?$CFs?$DO?5?$CF10?410s?$AN?6?$AA@ 000091e0     command.obj
 0003:000001f8       ??_C@_0BF@BGFJ@Too?5many?5arguments?$AN?6?$AA@ 000091f8     command.obj
 0003:00000210       ??_C@_0L@OCKE@?$CF?910s?5?$CFs?$AN?6?$AA@ 00009210     command.obj
 0003:0000021c       ??_C@_0N@NGOB@10?4192?40?4166?$AA@ 0000921c     command.obj
 0003:0000022c       ??_C@_04NBKB@eth0?$AA@     0000922c     command.obj
 0003:00000234       ??_C@_0BP@INFI@System?5time?5counter?5?3?5?$CF08lx?5?$AN?6?$AA@ 00009234     command.obj
 0003:00000254       ??_C@_0BI@BFDL@Test?5time?5function?5?3?5?$AN?6?$AA@ 00009254     command.obj
 0003:0000026c       ??_C@_0CG@ELPI@encrypt?5?$CFd?5?5bytes?5take?5?$CFld?5tick?5@ 0000926c     command.obj
 0003:00000294       ??_C@_0BH@FMH@Test?5sjy22?5encrypt?3?5?$AN?6?$AA@ 00009294     command.obj
 0003:000002ac       ??_C@_06DFAO@?$CF02x?5?5?$AA@ 000092ac     debug.obj
 0003:000002b4       ??_C@_02PIMC@?$AN?6?$AA@   000092b4     debug.obj
 0003:000002b8       ??_C@_0CM@OJON@create?5shell?5task?5return?5?$CFd?5erro@ 000092b8     MyTask.obj
 0003:000002e4       ??_C@_0CK@PDNC@create?5net?5task?5return?5?$CFd?5error?5@ 000092e4     MyTask.obj
 0003:00000310       ??_C@_0DF@IBJH@Welcome?5to?5Micro?9C?1OS?9II?5on?5x86?5@ 00009310     MyTask.obj
 0003:00000348       ??_C@_0BL@NHJC@process?5Net_do?5task?5?4?4?4?5?$AN?6?$AA@ 00009348     MyTask.obj
 0003:00000364       ??_C@_0BD@JDAA@Error?5command?5?4?5?$AN?6?$AA@ 00009364     MyTask.obj
 0003:00000378       ??_C@_02DILL@?$CFs?$AA@    00009378     MyTask.obj
 0003:0000037c       ??_C@_06OBPA@UCOS?$DO?5?$AA@ 0000937c     MyTask.obj
 0003:00000384       ??_C@_0BC@HDNP@Shell?5task?5?4?4?4?5?$AN?6?$AA@ 00009384     MyTask.obj
 0003:00000398       _nic_probes                00009398     nic.obj
 0003:000003a8       ??_C@_0BP@MOML@net?5buffer?5have?5fulled?5?4?4?4?4?5?$AN?6?$AA@ 000093a8     nic.obj
 0003:000003c8       ??_C@_0BG@DFCF@get?5command?5code?51?5?$AN?6?$AA@ 000093c8     nic.obj
 0003:000003e0       ??_C@_0BM@NPGC@found?5ether?5interface?5?$CFs?5?$AN?6?$AA@ 000093e0     nic.obj
 0003:000003fc       ??_C@_05IAAE@eth?$CFd?$AA@ 000093fc     nic.obj
 0003:00000408       ??_C@_0BC@LIMM@rtl_tx_inter?$CI?$CJ?5?$AN?6?$AA@ 00009408     rtl8139.obj
 0003:0000041c       ??_C@_0ED@KFFJ@ioaddr?5?$CFlX?0?5addr?5?$CF02x?3?$CF02x?3?$CF02x?3@ 0000941c     rtl8139.obj
 0003:00000460       ??_C@_03HFMC@100?$AA@      00009460     rtl8139.obj
 0003:00000464       ??_C@_02FCMB@10?$AA@       00009464     rtl8139.obj
 0003:00000468       ??_C@_04NJGF@half?$AA@     00009468     rtl8139.obj
 0003:00000470       ??_C@_04EELP@full?$AA@     00009470     rtl8139.obj
 0003:00000478       ??_C@_0BC@LEHL@rtl_transmit?$CI?$CJ?5?$AN?6?$AA@ 00009478     rtl8139.obj
 0003:0000048c       ??_C@_0N@OKFM@reply?5data?3?5?$AA@ 0000948c     neticmp.obj
 0003:000004a0       __pctype                   000094a0     LIBC:ctype.obj
 0003:000004a4       __pwctype                  000094a4     LIBC:ctype.obj
 0003:000004a8       __ctype                    000094a8     LIBC:ctype.obj
 0003:000006ac       ___mb_cur_max              000096ac     LIBC:nlsdata1.obj
 0003:000006b0       ___decimal_point           000096b0     LIBC:nlsdata1.obj
 0003:000006b4       ___decimal_point_length    000096b4     LIBC:nlsdata1.obj
 0003:000006b8       ___nullstring              000096b8     LIBC:output.obj
 0003:000006bc       ___wnullstring             000096bc     LIBC:output.obj
 0003:000006c0       ___badioinfo               000096c0     LIBC:ioinit.obj
 0003:000006c8       __iob                      000096c8     LIBC:_file.obj
 0003:00000950       __cfltcvt_tab              00009950     LIBC:cmiscdat.obj
 0003:00000970       __NLG_Destination          00009970     LIBC:exsup.obj
 0003:00000ae8       __aexit_rtn                00009ae8     LIBC:crt0.obj
 0003:00000aec       ___app_type                00009aec     LIBC:crt0.obj
 0003:00000af0       __XcptActTab               00009af0     LIBC:winxfltr.obj
 0003:00000b68       __First_FPE_Indx           00009b68     LIBC:winxfltr.obj
 0003:00000b6c       __Num_FPE                  00009b6c     LIBC:winxfltr.obj
 0003:00000b70       __XcptActTabCount          00009b70     LIBC:winxfltr.obj
 0003:00000b74       __fpecode                  00009b74     LIBC:winxfltr.obj
 0003:00000b78       __amblksiz                 00009b78     LIBC:heapinit.obj
 0003:00000c10       ___sbh_threshold           00009c10     LIBC:sbheap.obj
 0003:00000d5c       ??_C@_00A@?$AA@            00009d5c     command.obj
 0003:00004508       _in_read_index             0000d508     nic.obj
 0003:00004509       _in_write_index            0000d509     nic.obj
 0003:0000450c       _net_device_found          0000d50c     nic.obj
 0003:00005710       _pci_device_num            0000e710     pci.obj
 0003:00008170       _serialport_found          00011170     serial.obj
 0003:00008174       _sjy_found                 00011174     sjy.obj
 0003:0000a92c       _errno                     0001392c     LIBC:crt0dat.obj
 0003:0000a930       __doserrno                 00013930     LIBC:crt0dat.obj
 0003:0000a934       __umaskval                 00013934     LIBC:crt0dat.obj
 0003:0000a938       __osver                    00013938     LIBC:crt0dat.obj
 0003:0000a93c       __winver                   0001393c     LIBC:crt0dat.obj
 0003:0000a940       __winmajor                 00013940     LIBC:crt0dat.obj
 0003:0000a944       __winminor                 00013944     LIBC:crt0dat.obj
 0003:0000a948       ___argc                    00013948     LIBC:crt0dat.obj
 0003:0000a94c       ___argv                    0001394c     LIBC:crt0dat.obj
 0003:0000a950       ___wargv                   00013950     LIBC:crt0dat.obj
 0003:0000a954       __environ                  00013954     LIBC:crt0dat.obj
 0003:0000a958       ___initenv                 00013958     LIBC:crt0dat.obj
 0003:0000a95c       __wenviron                 0001395c     LIBC:crt0dat.obj
 0003:0000a960       ___winitenv                00013960     LIBC:crt0dat.obj
 0003:0000a964       __pgmptr                   00013964     LIBC:crt0dat.obj
 0003:0000a968       __wpgmptr                  00013968     LIBC:crt0dat.obj
 0003:0000a96c       __exitflag                 0001396c     LIBC:crt0dat.obj
 0003:0000a970       __C_Termination_Done       00013970     LIBC:crt0dat.obj
 0003:0000a974       __C_Exit_Done              00013974     LIBC:crt0dat.obj
 0003:0000a97c       __cflush                   0001397c     LIBC:_file.obj
 0003:0000a980       ___lc_handle               00013980     LIBC:nlsdata2.obj
 0003:0000a998       ___lc_codepage             00013998     LIBC:nlsdata2.obj
 0003:0000a99c       ___lc_collate_cp           0001399c     LIBC:nlsdata2.obj
 0003:0000a9a0       __aenvptr                  000139a0     LIBC:crt0.obj
 0003:0000a9a4       __wenvptr                  000139a4     LIBC:crt0.obj
 0003:0000a9a8       ___error_mode              000139a8     LIBC:crt0.obj
 0003:0000a9ac       __pxcptinfoptrs            000139ac     LIBC:winxfltr.obj
 0003:0000aab8       __adbgmsg                  00013ab8     LIBC:crt0msg.obj
 0003:0000aabc       __newmode                  00013abc     LIBC:_newmode.obj
 0003:0000aac0       ?_pnhHeap@@3P6AHI@ZA       00013ac0     LIBC:handler.obj
 0003:0000aae0       _icmpStats                 00013ae0     <common>
 0003:0000ab98       _ioaddr                    00013b98     <common>
 0003:0000aba0       _sjy_board                 00013ba0     <common>
 0003:0000ac60       _private_datas             00013c60     <common>
 0003:0000ac80       _net_device                00013c80     <common>
 0003:0000b260       _rx_ring                   00014260     <common>
 0003:00011420       _NET_TaskStk               0001a420     <common>
 0003:00012420       _SHELL_TaskStk             0001b420     <common>
 0003:00013420       _intrhand                  0001c420     <common>
 0003:000135a0       _bigbuffer                 0001c5a0     <common>
 0003:000155a0       _br_stats                  0001e5a0     <common>
 0003:0001e5a0       _port_info                 000275a0     <common>
 0003:00027420       _OSEventTbl                00030420     <common>
 0003:00027560       _OSPrioCur                 00030560     <common>
 0003:00027561       _OSIntNesting              00030561     <common>
 0003:00027564       _OSTCBFreeList             00030564     <common>
 0003:00027580       _OSTCBPrioTbl              00030580     <common>
 0003:00027680       _OSTCBCur                  00030680     <common>
 0003:00027684       _OSStatRdy                 00030684     <common>
 0003:00027688       _OSIdleCtrRun              00030688     <common>
 0003:0002768c       _OSRdyGrp                  0003068c     <common>
 0003:0002768d       _OSTaskCtr                 0003068d     <common>
 0003:0002768e       _OSRunning                 0003068e     <common>
 0003:0002768f       _OSLockNesting             0003068f     <common>
 0003:00027690       _OSCPUUsage                00030690     <common>
 0003:00027694       _OSTCBList                 00030694     <common>
 0003:00027698       _OSTCBHighRdy              00030698     <common>
 0003:000276a0       _OSRdyTbl                  000306a0     <common>
 0003:000276a8       _OSIdleCtrMax              000306a8     <common>
 0003:000276ac       _OSEventFreeList           000306ac     <common>
 0003:000276b0       _OSPrioHighRdy             000306b0     <common>
 0003:000276b4       _OSCtxSwCtr                000306b4     <common>
 0003:000276b8       _OSIdleCtr                 000306b8     <common>
 0003:000276bc       _OSTime                    000306bc     <common>
 0003:000276c0       ___mbcodepage              000306c0     <common>
 0003:000276d0       ___mbulinfo                000306d0     <common>
 0003:000276dc       ___ismbcodepage            000306dc     <common>
 0003:000276e0       __mbcasemap                000306e0     <common>
 0003:000277e0       __mbctype                  000307e0     <common>
 0003:000278e4       ___mblcid                  000308e4     <common>
 0003:000278e8       ___sbh_sizeHeaderList      000308e8     <common>
 0003:000278ec       ___sbh_indGroupDefer       000308ec     <common>
 0003:000278f0       ___sbh_pHeaderScan         000308f0     <common>
 0003:000278f4       ___sbh_pHeaderDefer        000308f4     <common>
 0003:000278f8       ___sbh_cntHeaderList       000308f8     <common>
 0003:000278fc       ___sbh_pHeaderList         000308fc     <common>
 0003:00027900       __crtheap                  00030900     <common>
 0003:00027904       ___piob                    00030904     <common>
 0003:00027920       __bufin                    00030920     <common>
 0003:00028920       __nstream                  00031920     <common>
 0003:00028940       ___pioinfo                 00031940     <common>
 0003:00028a40       __nhandle                  00031a40     <common>
 0003:00028a44       ___mbctype_initialized     00031a44     <common>
 0003:00028a48       ___onexitend               00031a48     <common>
 0003:00028a4c       ___onexitbegin             00031a4c     <common>

 entry point at        0001:00000ae0

 Static symbols

 0001:000027a0       _icmpreply                 000037a0 f   neticmp.obj
 0001:00002800       _icmpsend                  00003800 f   neticmp.obj
 0001:000014d0       _rtl8139_rx_interrupt      000024d0 f   rtl8139.obj
 0001:00001570       _rtl8139_weird_interrupt   00002570 f   rtl8139.obj
 0001:00001580       _rtl8139_tx_interrupt      00002580 f   rtl8139.obj
 0001:00001740       _read_eeprom               00002740 f   rtl8139.obj
 0001:000017e0       _rtl_reset                 000027e0 f   rtl8139.obj
 0001:000018c0       _rtl_transmit              000028c0 f   rtl8139.obj
 0001:00001970       _rtl_ioctl                 00002970 f   rtl8139.obj
 0001:00001130       _InitA20                   00002130 f   os_cpu_c.obj
 0001:00001150       _InitPIC                   00002150 f   os_cpu_c.obj
 0001:000011a0       _SetIDTGate                000021a0 f   os_cpu_c.obj
 0001:000011e0       _TaskBucket                000021e0 f   os_cpu_c.obj
 0001:00000ec0       _nic_probe                 00001ec0 f   nic.obj
 0001:00000ad0       _ip_fast_csum              00001ad0 f   ip.obj
 0001:000005c0       _trybuiltin                000015c0 f   command.obj
 0001:00000660       _makeargs                  00001660 f   command.obj
 0001:00000730       _do_help                   00001730 f   command.obj
 0001:00000760       _do_ifconfig               00001760 f   command.obj
 0001:000007b0       _do_time                   000017b0 f   command.obj
 0001:000007d0       _do_sjy                    000017d0 f   command.obj
 0001:00000540       _br_init_port              00001540 f   br.obj
 0001:000003a0       _arpsend                   000013a0 f   arp.obj
 0001:00006247       _strncnt                   00007247 f   LIBC:a_map.obj
 0001:00005c80       LeadUp1                    00006c80 f   LIBC:memmove.obj
 0001:00005cac       LeadUp2                    00006cac f   LIBC:memmove.obj
 0001:00005cd0       LeadUp3                    00006cd0 f   LIBC:memmove.obj
 0001:00005d4f       UnwindUp0                  00006d4f f   LIBC:memmove.obj
 0001:00005d3c       UnwindUp1                  00006d3c f   LIBC:memmove.obj
 0001:00005d34       UnwindUp2                  00006d34 f   LIBC:memmove.obj
 0001:00005d2c       UnwindUp3                  00006d2c f   LIBC:memmove.obj
 0001:00005d24       UnwindUp4                  00006d24 f   LIBC:memmove.obj
 0001:00005d1c       UnwindUp5                  00006d1c f   LIBC:memmove.obj
 0001:00005d14       UnwindUp6                  00006d14 f   LIBC:memmove.obj
 0001:00005d0c       UnwindUp7                  00006d0c f   LIBC:memmove.obj
 0001:00005d68       TrailUp0                   00006d68 f   LIBC:memmove.obj
 0001:00005d70       TrailUp1                   00006d70 f   LIBC:memmove.obj
 0001:00005d7c       TrailUp2                   00006d7c f   LIBC:memmove.obj
 0001:00005d90       TrailUp3                   00006d90 f   LIBC:memmove.obj
 0001:00005e08       LeadDown1                  00006e08 f   LIBC:memmove.obj
 0001:00005e28       LeadDown2                  00006e28 f   LIBC:memmove.obj
 0001:00005e50       LeadDown3                  00006e50 f   LIBC:memmove.obj
 0001:00005ea4       UnwindDown7                00006ea4 f   LIBC:memmove.obj
 0001:00005eac       UnwindDown6                00006eac f   LIBC:memmove.obj
 0001:00005eb4       UnwindDown5                00006eb4 f   LIBC:memmove.obj
 0001:00005ebc       UnwindDown4                00006ebc f   LIBC:memmove.obj
 0001:00005ec4       UnwindDown3                00006ec4 f   LIBC:memmove.obj
 0001:00005ecc       UnwindDown2                00006ecc f   LIBC:memmove.obj
 0001:00005ed4       UnwindDown1                00006ed4 f   LIBC:memmove.obj
 0001:00005ee7       UnwindDown0                00006ee7 f   LIBC:memmove.obj
 0001:00005f00       TrailDown0                 00006f00 f   LIBC:memmove.obj
 0001:00005f08       TrailDown1                 00006f08 f   LIBC:memmove.obj
 0001:00005f18       TrailDown2                 00006f18 f   LIBC:memmove.obj
 0001:00005f2c       TrailDown3                 00006f2c f   LIBC:memmove.obj
 0001:000057c0       LeadUp1                    000067c0 f   LIBC:memcpy.obj
 0001:000057ec       LeadUp2                    000067ec f   LIBC:memcpy.obj
 0001:00005810       LeadUp3                    00006810 f   LIBC:memcpy.obj
 0001:0000588f       UnwindUp0                  0000688f f   LIBC:memcpy.obj
 0001:0000587c       UnwindUp1                  0000687c f   LIBC:memcpy.obj
 0001:00005874       UnwindUp2                  00006874 f   LIBC:memcpy.obj
 0001:0000586c       UnwindUp3                  0000686c f   LIBC:memcpy.obj
 0001:00005864       UnwindUp4                  00006864 f   LIBC:memcpy.obj
 0001:0000585c       UnwindUp5                  0000685c f   LIBC:memcpy.obj
 0001:00005854       UnwindUp6                  00006854 f   LIBC:memcpy.obj
 0001:0000584c       UnwindUp7                  0000684c f   LIBC:memcpy.obj
 0001:000058a8       TrailUp0                   000068a8 f   LIBC:memcpy.obj
 0001:000058b0       TrailUp1                   000068b0 f   LIBC:memcpy.obj
 0001:000058bc       TrailUp2                   000068bc f   LIBC:memcpy.obj
 0001:000058d0       TrailUp3                   000068d0 f   LIBC:memcpy.obj
 0001:00005948       LeadDown1                  00006948 f   LIBC:memcpy.obj
 0001:00005968       LeadDown2                  00006968 f   LIBC:memcpy.obj
 0001:00005990       LeadDown3                  00006990 f   LIBC:memcpy.obj
 0001:000059e4       UnwindDown7                000069e4 f   LIBC:memcpy.obj
 0001:000059ec       UnwindDown6                000069ec f   LIBC:memcpy.obj
 0001:000059f4       UnwindDown5                000069f4 f   LIBC:memcpy.obj
 0001:000059fc       UnwindDown4                000069fc f   LIBC:memcpy.obj
 0001:00005a04       UnwindDown3                00006a04 f   LIBC:memcpy.obj
 0001:00005a0c       UnwindDown2                00006a0c f   LIBC:memcpy.obj
 0001:00005a14       UnwindDown1                00006a14 f   LIBC:memcpy.obj
 0001:00005a27       UnwindDown0                00006a27 f   LIBC:memcpy.obj
 0001:00005a40       TrailDown0                 00006a40 f   LIBC:memcpy.obj
 0001:00005a48       TrailDown1                 00006a48 f   LIBC:memcpy.obj
 0001:00005a58       TrailDown2                 00006a58 f   LIBC:memcpy.obj
 0001:00005a6c       TrailDown3                 00006a6c f   LIBC:memcpy.obj
 0001:00005509       _getSystemCP               00006509 f   LIBC:mbctype.obj
 0001:00005553       _CPtoLCID                  00006553 f   LIBC:mbctype.obj
 0001:00005586       _setSBCS                   00006586 f   LIBC:mbctype.obj
 0001:000055af       _setSBUpLow                000065af f   LIBC:mbctype.obj
 0001:000047a3       _flsall                    000057a3 f   LIBC:fflush.obj
 0001:00004290       _gu_return                 00005290 f   LIBC:exsup.obj
 0001:00004298       __unwind_handler           00005298 f   LIBC:exsup.obj
 0001:00003ab5       _write_char                00004ab5 f   LIBC:output.obj
 0001:00003aea       _write_multi_char          00004aea f   LIBC:output.obj
 0001:00003b1b       _write_string              00004b1b f   LIBC:output.obj
 0001:00003b53       _get_int_arg               00004b53 f   LIBC:output.obj
 0001:00003b60       _get_int64_arg             00004b60 f   LIBC:output.obj
 0001:00003b70       _get_short_arg             00004b70 f   LIBC:output.obj
 0001:00003021       _doexit                    00004021 f   LIBC:crt0dat.obj
 0001:000030ba       __initterm                 000040ba f   LIBC:crt0dat.obj

 48 bytes saved through ICF

